This is pdfTeX, Version 3.141592653-2.6-1.40.29 (TeX Live 2026) (preloaded format=pdflatex 2026.4.19)  4 JUL 2026 11:35
entering extended mode
 restricted \write18 enabled.
 %&-line parsing enabled.
**main.tex
(./main.tex
LaTeX2e <2025-11-01>
L3 programming layer <2026-01-19>
(./elsarticle.cls
Document Class: elsarticle 2026/01/09, 3.5: Elsevier Ltd
(/usr/local/texlive/2026basic/texmf-dist/tex/latex/base/fontenc.sty
Package: fontenc 2025/07/18 v2.1d Standard LaTeX package
)
(/usr/local/texlive/2026basic/texmf-dist/tex/latex/l3kernel/expl3.sty
Package: expl3 2026-01-19 L3 programming layer (loader) 

(/usr/local/texlive/2026basic/texmf-dist/tex/latex/l3backend/l3backend-pdftex.d
ef
File: l3backend-pdftex.def 2025-10-09 L3 backend support: PDF output (pdfTeX)
\l__color_backend_stack_int=\count275
))
(/usr/local/texlive/2026basic/texmf-dist/tex/latex/l3packages/xparse/xparse.sty
Package: xparse 2025-10-09 L3 Experimental document command parser
) (/Users/limeng/Library/texmf/tex/latex/etoolbox/etoolbox.sty
Package: etoolbox 2025/10/02 v2.5m e-TeX tools for LaTeX (JAW)
\etb@tempcnta=\count276
)
\@bls=\dimen148

(/usr/local/texlive/2026basic/texmf-dist/tex/latex/base/article.cls
Document Class: article 2025/01/22 v1.4n Standard LaTeX document class
(/usr/local/texlive/2026basic/texmf-dist/tex/latex/base/size12.clo
File: size12.clo 2025/01/22 v1.4n Standard LaTeX file (size option)
)
\c@part=\count277
\c@section=\count278
\c@subsection=\count279
\c@subsubsection=\count280
\c@paragraph=\count281
\c@subparagraph=\count282
\c@figure=\count283
\c@table=\count284
\abovecaptionskip=\skip49
\belowcaptionskip=\skip50
\bibindent=\dimen149
)
(/usr/local/texlive/2026basic/texmf-dist/tex/latex/graphics/graphicx.sty
Package: graphicx 2024/12/31 v1.2e Enhanced LaTeX Graphics (DPC,SPQR)

(/usr/local/texlive/2026basic/texmf-dist/tex/latex/graphics/keyval.sty
Package: keyval 2022/05/29 v1.15 key=value parser (DPC)
\KV@toks@=\toks17
)
(/usr/local/texlive/2026basic/texmf-dist/tex/latex/graphics/graphics.sty
Package: graphics 2024/08/06 v1.4g Standard LaTeX Graphics (DPC,SPQR)

(/usr/local/texlive/2026basic/texmf-dist/tex/latex/graphics/trig.sty
Package: trig 2023/12/02 v1.11 sin cos tan (DPC)
)
(/usr/local/texlive/2026basic/texmf-dist/tex/latex/graphics-cfg/graphics.cfg
File: graphics.cfg 2016/06/04 v1.11 sample graphics configuration
)
Package graphics Info: Driver file: pdftex.def on input line 106.

(/usr/local/texlive/2026basic/texmf-dist/tex/latex/graphics-def/pdftex.def
File: pdftex.def 2025/09/29 v1.2d Graphics/color driver for pdftex
))
\Gin@req@height=\dimen150
\Gin@req@width=\dimen151
)
\c@tnote=\count285
\c@fnote=\count286
\c@cnote=\count287
\c@ead=\count288
\c@elsarticle@author=\count289
\@eadauthor=\toks18
\c@affn=\count290
\absbox=\box53
\elsarticlehighlightsbox=\box54
\elsarticlegrabsbox=\box55
\keybox=\box56
\Columnwidth=\dimen152
\space@left=\dimen153
\els@boxa=\box57
\els@boxb=\box58
\leftMargin=\dimen154
\@enLab=\toks19
\@sep=\skip51
\@@sep=\skip52

(./main.spl)
(/usr/local/texlive/2026basic/texmf-dist/tex/latex/natbib/natbib.sty
Package: natbib 2010/09/13 8.31b (PWD, AO)
\bibhang=\skip53
\bibsep=\skip54
LaTeX Info: Redefining \cite on input line 694.
\c@NAT@ctr=\count291
)
\splwrite=\write3
\openout3 = `main.spl'.

\appnamewidth=\dimen155
)
(/usr/local/texlive/2026basic/texmf-dist/tex/latex/amsfonts/amssymb.sty
Package: amssymb 2013/01/14 v3.01 AMS font symbols

(/usr/local/texlive/2026basic/texmf-dist/tex/latex/amsfonts/amsfonts.sty
Package: amsfonts 2013/01/14 v3.01 Basic AMSFonts support
\@emptytoks=\toks20
\symAMSa=\mathgroup4
\symAMSb=\mathgroup5
LaTeX Font Info:    Redeclaring math symbol \hbar on input line 98.
LaTeX Font Info:    Overwriting math alphabet `\mathfrak' in version `bold'
(Font)                  U/euf/m/n --> U/euf/b/n on input line 106.
))
(/usr/local/texlive/2026basic/texmf-dist/tex/latex/amsmath/amsmath.sty
Package: amsmath 2025/07/09 v2.17z AMS math features
\@mathmargin=\skip55

For additional information on amsmath, use the `?' option.
(/usr/local/texlive/2026basic/texmf-dist/tex/latex/amsmath/amstext.sty
Package: amstext 2024/11/17 v2.01 AMS text

(/usr/local/texlive/2026basic/texmf-dist/tex/latex/amsmath/amsgen.sty
File: amsgen.sty 1999/11/30 v2.0 generic functions
\@emptytoks=\toks21
\ex@=\dimen156
))
(/usr/local/texlive/2026basic/texmf-dist/tex/latex/amsmath/amsbsy.sty
Package: amsbsy 1999/11/29 v1.2d Bold Symbols
\pmbraise@=\dimen157
)
(/usr/local/texlive/2026basic/texmf-dist/tex/latex/amsmath/amsopn.sty
Package: amsopn 2022/04/08 v2.04 operator names
)
\inf@bad=\count292
LaTeX Info: Redefining \frac on input line 233.
\uproot@=\count293
\leftroot@=\count294
LaTeX Info: Redefining \overline on input line 398.
LaTeX Info: Redefining \colon on input line 409.
\classnum@=\count295
\DOTSCASE@=\count296
LaTeX Info: Redefining \ldots on input line 495.
LaTeX Info: Redefining \dots on input line 498.
LaTeX Info: Redefining \cdots on input line 619.
\Mathstrutbox@=\box59
\strutbox@=\box60
LaTeX Info: Redefining \big on input line 721.
LaTeX Info: Redefining \Big on input line 722.
LaTeX Info: Redefining \bigg on input line 723.
LaTeX Info: Redefining \Bigg on input line 724.
\big@size=\dimen158
LaTeX Font Info:    Redeclaring font encoding OML on input line 742.
LaTeX Font Info:    Redeclaring font encoding OMS on input line 743.
\macc@depth=\count297
LaTeX Info: Redefining \bmod on input line 904.
LaTeX Info: Redefining \pmod on input line 909.
LaTeX Info: Redefining \smash on input line 939.
LaTeX Info: Redefining \relbar on input line 969.
LaTeX Info: Redefining \Relbar on input line 970.
\c@MaxMatrixCols=\count298
\dotsspace@=\muskip17
\c@parentequation=\count299
\dspbrk@lvl=\count300
\tag@help=\toks22
\row@=\count301
\column@=\count302
\maxfields@=\count303
\andhelp@=\toks23
\eqnshift@=\dimen159
\alignsep@=\dimen160
\tagshift@=\dimen161
\tagwidth@=\dimen162
\totwidth@=\dimen163
\lineht@=\dimen164
\@envbody=\toks24
\multlinegap=\skip56
\multlinetaggap=\skip57
\mathdisplay@stack=\toks25
LaTeX Info: Redefining \[ on input line 2950.
LaTeX Info: Redefining \] on input line 2951.
)
(/Users/limeng/Library/texmf/tex/latex/booktabs/booktabs.sty
Package: booktabs 2020/01/12 v1.61803398 Publication quality tables
\heavyrulewidth=\dimen165
\lightrulewidth=\dimen166
\cmidrulewidth=\dimen167
\belowrulesep=\dimen168
\belowbottomsep=\dimen169
\aboverulesep=\dimen170
\abovetopsep=\dimen171
\cmidrulesep=\dimen172
\cmidrulekern=\dimen173
\defaultaddspace=\dimen174
\@cmidla=\count304
\@cmidlb=\count305
\@aboverulesep=\dimen175
\@belowrulesep=\dimen176
\@thisruleclass=\count306
\@lastruleclass=\count307
\@thisrulewidth=\dimen177
)
(/usr/local/texlive/2026basic/texmf-dist/tex/latex/tools/array.sty
Package: array 2025/09/25 v2.6n Tabular extension package (FMi)
\col@sep=\dimen178
\ar@mcellbox=\box61
\extrarowheight=\dimen179
\NC@list=\toks26
\extratabsurround=\skip58
\backup@length=\skip59
\ar@cellbox=\box62
)
(/usr/local/texlive/2026basic/texmf-dist/tex/latex/tools/longtable.sty
Package: longtable 2025-10-13 v4.24 Multi-page Table package (DPC)
\LTleft=\skip60
\LTright=\skip61
\LTpre=\skip62
\LTpost=\skip63
\LTchunksize=\count308
\LTcapwidth=\dimen180
\LT@head=\box63
\LT@firsthead=\box64
\LT@foot=\box65
\LT@lastfoot=\box66
\LT@gbox=\box67
\LT@cols=\count309
\LT@rows=\count310
\c@LT@tables=\count311
\c@LT@chunks=\count312
\LT@p@ftn=\toks27
)
(/usr/local/texlive/2026basic/texmf-dist/tex/latex/tools/tabularx.sty
Package: tabularx 2023/12/11 v2.12a `tabularx' package (DPC)
\TX@col@width=\dimen181
\TX@old@table=\dimen182
\TX@old@col=\dimen183
\TX@target=\dimen184
\TX@delta=\dimen185
\TX@cols=\count313
\TX@ftn=\toks28
)
(/Users/limeng/Library/texmf/tex/latex/xltabular/xltabular.sty
Package: xltabular 2025/02/28 v0.2i `xltabular' package (hv,RN)

(/Users/limeng/Library/texmf/tex/latex/ltablex/ltablex.sty
Package: ltablex 2014/08/13 v1.1 Modified tabularx
))
(/Users/limeng/Library/texmf/tex/latex/makecell/makecell.sty
Package: makecell 2009/08/03 V0.1e Managing of Tab Column Heads and Cells
\rotheadsize=\dimen186
\c@nlinenum=\count314
\TeXr@lab=\toks29
)
(/Users/limeng/Library/texmf/tex/latex/enumitem/enumitem.sty
Package: enumitem 2025/02/06 v3.11 Customized lists
\labelindent=\skip64
\enit@outerparindent=\dimen187
\enit@toks=\toks30
\enit@inbox=\box68
\enit@count@id=\count315
\enitdp@description=\count316
)
(/Users/limeng/Library/texmf/tex/latex/microtype/microtype.sty
Package: microtype 2026/03/01 v3.2d Micro-typographical refinements (RS)
\MT@toks=\toks31
\MT@tempbox=\box69
\MT@count=\count317
LaTeX Info: Redefining \noprotrusionifhmode on input line 1084.
LaTeX Info: Redefining \leftprotrusion on input line 1085.
\MT@prot@toks=\toks32
LaTeX Info: Redefining \rightprotrusion on input line 1104.
LaTeX Info: Redefining \textls on input line 1449.
\MT@outer@kern=\dimen188
LaTeX Info: Redefining \microtypecontext on input line 2053.
LaTeX Info: Redefining \textmicrotypecontext on input line 2070.
\MT@listname@count=\count318

(/Users/limeng/Library/texmf/tex/latex/microtype/microtype-pdftex.def
File: microtype-pdftex.def 2026/03/01 v3.2d Definitions specific to pdftex (RS)

LaTeX Info: Redefining \lsstyle on input line 944.
LaTeX Info: Redefining \lslig on input line 944.
\MT@outer@space=\skip65
)
Package microtype Info: Loading configuration file microtype.cfg.

(/Users/limeng/Library/texmf/tex/latex/microtype/microtype.cfg
File: microtype.cfg 2026/03/01 v3.2d microtype main configuration file (RS)
)
LaTeX Info: Redefining \microtypesetup on input line 3065.
)
(/Users/limeng/Library/texmf/tex/latex/xurl/xurl.sty
Package: xurl 2022/01/09 v 0.10 modify URL breaks

(/usr/local/texlive/2026basic/texmf-dist/tex/latex/url/url.sty
\Urlmuskip=\muskip18
Package: url 2013/09/16  ver 3.4  Verb mode for urls, etc.
))
(/Users/limeng/Library/texmf/tex/latex/float/float.sty
Package: float 2001/11/08 v1.3d Float enhancements (AL)
\c@float@type=\count319
\float@exts=\toks33
\float@box=\box70
\@float@everytoks=\toks34
\@floatcapt=\box71
) (./main.aux)
\openout1 = `main.aux'.

LaTeX Font Info:    Checking defaults for OML/cmm/m/it on input line 62.
LaTeX Font Info:    ... okay on input line 62.
LaTeX Font Info:    Checking defaults for OMS/cmsy/m/n on input line 62.
LaTeX Font Info:    ... okay on input line 62.
LaTeX Font Info:    Checking defaults for OT1/cmr/m/n on input line 62.
LaTeX Font Info:    ... okay on input line 62.
LaTeX Font Info:    Checking defaults for T1/cmr/m/n on input line 62.
LaTeX Font Info:    ... okay on input line 62.
LaTeX Font Info:    Checking defaults for TS1/cmr/m/n on input line 62.
LaTeX Font Info:    ... okay on input line 62.
LaTeX Font Info:    Checking defaults for OMX/cmex/m/n on input line 62.
LaTeX Font Info:    ... okay on input line 62.
LaTeX Font Info:    Checking defaults for U/cmr/m/n on input line 62.
LaTeX Font Info:    ... okay on input line 62.

(/usr/local/texlive/2026basic/texmf-dist/tex/context/base/mkii/supp-pdf.mkii
[Loading MPS to PDF converter (version 2006.09.02).]
\scratchcounter=\count320
\scratchdimen=\dimen189
\scratchbox=\box72
\nofMPsegments=\count321
\nofMParguments=\count322
\everyMPshowfont=\toks35
\MPscratchCnt=\count323
\MPscratchDim=\dimen190
\MPnumerator=\count324
\makeMPintoPDFobject=\count325
\everyMPtoPDFconversion=\toks36
)
(/usr/local/texlive/2026basic/texmf-dist/tex/latex/epstopdf-pkg/epstopdf-base.s
ty
Package: epstopdf-base 2020-01-24 v2.11 Base part for package epstopdf
Package epstopdf-base Info: Redefining graphics rule for `.eps' on input line 4
85.
 (/Users/limeng/Library/texmf/tex/latex/latexconfig/epstopdf-sys.cfg
File: epstopdf-sys.cfg 2010/07/13 v1.3 Configuration of (r)epstopdf for TeX Liv
e
))
LaTeX Info: Redefining \microtypecontext on input line 62.
Package microtype Info: Applying patch `item' on input line 62.
Package microtype Info: Applying patch `toc' on input line 62.
Package microtype Info: Applying patch `eqnum' on input line 62.
Package microtype Info: Applying patch `footnote' on input line 62.
Package microtype Info: Applying patch `verbatim' on input line 62.
LaTeX Info: Redefining \microtypesetup on input line 62.
Package microtype Info: Generating PDF output.
Package microtype Info: Character protrusion enabled (level 2).
Package microtype Info: Using default protrusion set `alltext'.
Package microtype Info: No font expansion.
Package microtype Info: No adjustment of tracking.
Package microtype Info: No adjustment of interword spacing.
Package microtype Info: No adjustment of character kerning.

(/Users/limeng/Library/texmf/tex/latex/microtype/mt-cmr.cfg
File: mt-cmr.cfg 2013/05/19 v2.2 microtype config. file: Computer Modern Roman 
(RS)
)
LaTeX Font Info:    Trying to load font information for U+msa on input line 115
.

(/usr/local/texlive/2026basic/texmf-dist/tex/latex/amsfonts/umsa.fd
File: umsa.fd 2013/01/14 v3.01 AMS symbols A
)
(/Users/limeng/Library/texmf/tex/latex/microtype/mt-msa.cfg
File: mt-msa.cfg 2006/02/04 v1.1 microtype config. file: AMS symbols (a) (RS)
)
LaTeX Font Info:    Trying to load font information for U+msb on input line 115
.

(/usr/local/texlive/2026basic/texmf-dist/tex/latex/amsfonts/umsb.fd
File: umsb.fd 2013/01/14 v3.01 AMS symbols B
)
(/Users/limeng/Library/texmf/tex/latex/microtype/mt-msb.cfg
File: mt-msb.cfg 2005/06/01 v1.0 microtype config. file: AMS symbols (b) (RS)
)
Package microtype Info: Loading generic protrusion settings for font family
(microtype)             `cmtt' (encoding: T1).
(microtype)             For optimal results, create family-specific settings.
(microtype)             See the microtype manual for details.
 [1


{/Users/limeng/Library/texlive/2026basic/texmf-var/fonts/map/pdftex/updmap/pdft
ex.map}]
[2] [3] [4] [5] [6] [7] [8]
<figures/fig_1_validity_gated_workflow.pdf, id=43, 520.34402pt x 650.43pt>
File: figures/fig_1_validity_gated_workflow.pdf Graphic file (type pdf)
<use figures/fig_1_validity_gated_workflow.pdf>
Package pdftex.def Info: figures/fig_1_validity_gated_workflow.pdf  used on inp
ut line 244.
(pdftex.def)             Requested size: 331.50238pt x 414.398pt.
 [9] [10 <./figures/fig_1_validity_gated_workflow.pdf>]
Package microtype Info: Loading generic protrusion settings for font family
(microtype)             `cmss' (encoding: OT1).
(microtype)             For optimal results, create family-specific settings.
(microtype)             See the microtype manual for details.
 [11] [12] [13]
<figures/fig_3_verdict_2d.pdf, id=69, 777.54897pt x 298.60294pt>
File: figures/fig_3_verdict_2d.pdf Graphic file (type pdf)
<use figures/fig_3_verdict_2d.pdf>
Package pdftex.def Info: figures/fig_3_verdict_2d.pdf  used on input line 307.
(pdftex.def)             Requested size: 421.20071pt x 161.75348pt.
 [14 <./figures/fig_3_verdict_2d.pdf>] [15]
Underfull \hbox (badness 1043) in paragraph at lines 360--361
\T1/cmr/m/n/12 im-ple-men-ta-tions, air-foil, PINN/FNO fam-i-lies, pe-ri-odic a
d-vec-tion, and
 []


Underfull \hbox (badness 3039) in paragraph at lines 362--363
[]\T1/cmr/m/it/12 Primary ev-i-dence \T1/cmr/m/n/12 comes from two bounded full
-chain work-flows:
 []


Underfull \hbox (badness 1803) in paragraph at lines 362--363
\T1/cmr/m/n/12 MeshGraphNets-family cylin-der flow (trained check-point, K=6 ro
s-ter,
 []


Underfull \hbox (badness 1325) in paragraph at lines 362--363
\T1/cmr/m/n/12 S4/S5, PointMLP, and Physic-sNeMo \T1/cmtt/m/n/12 MeshGraphNet\T
1/cmr/m/n/12 ) and in-de-pen-dent
 []

[16]
Underfull \hbox (badness 1320) in paragraph at lines 378--379
\T1/cmr/m/n/12 invariance ($\OT1/cmss/m/n/12 f[]$\T1/cmr/m/n/12 ) and the conve
rgence/accuracy-order pair ($\OT1/cmss/m/n/12 f[]$\T1/cmr/m/n/12 ,
 []


Underfull \hbox (badness 1286) in paragraph at lines 378--379
\T1/cmr/m/n/12 trans-for-ma-tion and map-ping ar-ti-facts, met-ric out-puts, fl
oor ev-i-dence,
 []

[17] [18]
ignored: Infinite glue shrinkage found in box being split [19] [20]
Underfull \hbox (badness 1184) in paragraph at lines 459--460
[]\T1/cmr/bx/n/12 Geometric MR. \T1/cmr/m/n/12 Ex-act mirror-y is out-of-relati
on-domain on the
 []


Underfull \hbox (badness 1546) in paragraph at lines 461--462
[]\T1/cmr/bx/n/12 Continuity MR. \T1/cmr/m/n/12 The P1 discrete-divergence op-e
r-a-tor gives non-
 []


Underfull \hbox (badness 3780) in paragraph at lines 467--468
\T1/cmr/m/n/12 condition, mesh-adjacency, normalization-scale, temporal-rollout
, and
 []

[21] [22]
<figures/fig_4_operator_floor_loglog.pdf, id=205, 367.06523pt x 247.49263pt>
File: figures/fig_4_operator_floor_loglog.pdf Graphic file (type pdf)
<use figures/fig_4_operator_floor_loglog.pdf>
Package pdftex.def Info: figures/fig_4_operator_floor_loglog.pdf  used on input
 line 501.
(pdftex.def)             Requested size: 319.80286pt x 215.62651pt.

Underfull \hbox (badness 1472) in paragraph at lines 506--506
[]\T1/cmr/m/it/12 Coverage im-pli-ca-tion: fault-detection ro-bust-ness across 
the multi-
 []

[23]
Underfull \hbox (badness 1331) in paragraph at lines 532--533
\T1/cmr/m/n/12 faults; mirror-y is sen-si-tive to physical-channel and ad-ja-ce
ncy faults;
 []

[24 <./figures/fig_4_operator_floor_loglog.pdf>] [25]
Underfull \hbox (badness 1237) in paragraph at lines 564--565
\T1/cmr/m/n/12 ex-ter-nal issue/PR/commit-linked se-man-tic wit-ness cor-pus, a
nd sib-ling
 []

[26] [27] [28]
Underfull \hbox (badness 2042) in paragraph at lines 604--605
[]\T1/cmr/m/n/12 The de-tailed claim-to-evidence map, cross-program breadth not
es,
 []

(./main.bbl
Underfull \hbox (badness 1895) in paragraph at lines 33--41
[]\T1/cmr/m/n/12 T. Pfaff, M. For-tu-nato, A. Sanchez-Gonzalez, P. W. Battaglia
,
 []


Underfull \hbox (badness 1205) in paragraph at lines 33--41
\T1/cmr/m/n/12 Con-fer-ence on Learn-ing Rep-re-sen-ta-tions (ICLR), spot-light
 (2021).
 []

[29] [30]
Underfull \hbox (badness 2359) in paragraph at lines 128--133
[]\T1/cmr/m/n/12 Z. Ying, A. G. Bel-lotti, J. L. Bree-den, D. Towey, Meta-mor-
 []


Underfull \hbox (badness 3158) in paragraph at lines 128--133
\T1/cmr/m/n/12 phic test-ing and ex-plo-ration for ma-chine learn-ing credit sc
ore
 []


Underfull \hbox (badness 1107) in paragraph at lines 128--133
\T1/cmr/m/n/12 mod-els, In-for-ma-tion and Soft-ware Tech-nol-ogy 188 (2025) 10
7903.
 []

[31]
Underfull \hbox (badness 3514) in paragraph at lines 221--226
\T1/cmr/m/n/12 ver-i-fi-ca-tion method based on meta-mor-phic re-la-tion for nu
-clear
 []


Underfull \hbox (badness 1609) in paragraph at lines 221--226
\T1/cmr/m/n/12 power soft-ware, Fron-tiers in En-ergy Re-search 10 (2022) 78875
3.
 []

[32]
Underfull \hbox (badness 3029) in paragraph at lines 282--287
[]\T1/cmr/m/n/12 S. Wang, Y. Teng, P. Perdikaris, Un-der-stand-ing and mit-i-ga
t-
 []

[33]
Underfull \hbox (badness 3039) in paragraph at lines 339--344
[]\T1/cmr/m/n/12 R. Verdec-chia, E. En-gström, P. Lago, P. Rune-son, Q. Song,
 []

) [34] (./main.aux)
 ***********
LaTeX2e <2025-11-01>
L3 programming layer <2026-01-19>
 ***********
 ) 
Here is how much of TeX's memory you used:
 7239 strings out of 469006
 113611 string characters out of 5454813
 568360 words of memory out of 5000000
 35836 multiletter control sequences out of 15000+600000
 645703 words of font info for 87 fonts, out of 8000000 for 9000
 319 hyphenation exceptions out of 8191
 72i,11n,79p,1471b,617s stack positions out of 10000i,1000n,20000p,200000b,200000s
 </Users/limeng/Library/texlive/2026basic/texmf-var/fonts/pk/ljfour/jknappen/
ec/ectt1200.600pk> </Users/limeng/Library/texlive/2026basic/texmf-var/fonts/pk/
ljfour/jknappen/ec/ectt0800.600pk> </Users/limeng/Library/texlive/2026basic/tex
mf-var/fonts/pk/ljfour/jknappen/ec/ecbx0800.600pk> </Users/limeng/Library/texli
ve/2026basic/texmf-var/fonts/pk/ljfour/jknappen/ec/eccc1200.600pk> </Users/lime
ng/Library/texlive/2026basic/texmf-var/fonts/pk/ljfour/jknappen/ec/ecbx1000.600
pk> </Users/limeng/Library/texlive/2026basic/texmf-var/fonts/pk/ljfour/jknappen
/ec/ecti1200.600pk> </Users/limeng/Library/texlive/2026basic/texmf-var/fonts/pk
/ljfour/jknappen/ec/ecrm0700.600pk> </Users/limeng/Library/texlive/2026basic/te
xmf-var/fonts/pk/ljfour/jknappen/ec/ectt1000.600pk> </Users/limeng/Library/texl
ive/2026basic/texmf-var/fonts/pk/ljfour/jknappen/ec/ecrm1000.600pk> </Users/lim
eng/Library/texlive/2026basic/texmf-var/fonts/pk/ljfour/jknappen/ec/ecbx1200.60
0pk> </Users/limeng/Library/texlive/2026basic/texmf-var/fonts/pk/ljfour/jknappe
n/ec/ecti1000.600pk> </Users/limeng/Library/texlive/2026basic/texmf-var/fonts/p
k/ljfour/jknappen/ec/ecti0700.600pk> </Users/limeng/Library/texlive/2026basic/t
exmf-var/fonts/pk/ljfour/jknappen/ec/ecrm0800.600pk> </Users/limeng/Library/tex
live/2026basic/texmf-var/fonts/pk/ljfour/jknappen/ec/ecrm1200.600pk> </Users/li
meng/Library/texlive/2026basic/texmf-var/fonts/pk/ljfour/jknappen/ec/ecrm1728.6
00pk></usr/local/texlive/2026basic/texmf-dist/fonts/type1/public/amsfonts/cm/cm
mi12.pfb></usr/local/texlive/2026basic/texmf-dist/fonts/type1/public/amsfonts/c
m/cmmi6.pfb></usr/local/texlive/2026basic/texmf-dist/fonts/type1/public/amsfont
s/cm/cmmi8.pfb></usr/local/texlive/2026basic/texmf-dist/fonts/type1/public/amsf
onts/cm/cmr12.pfb></usr/local/texlive/2026basic/texmf-dist/fonts/type1/public/a
msfonts/cm/cmr8.pfb></usr/local/texlive/2026basic/texmf-dist/fonts/type1/public
/amsfonts/cm/cmss12.pfb></usr/local/texlive/2026basic/texmf-dist/fonts/type1/pu
blic/amsfonts/cm/cmsy10.pfb></usr/local/texlive/2026basic/texmf-dist/fonts/type
1/public/amsfonts/cm/cmsy7.pfb></usr/local/texlive/2026basic/texmf-dist/fonts/t
ype1/public/amsfonts/cm/cmsy8.pfb></usr/local/texlive/2026basic/texmf-dist/font
s/type1/public/amsfonts/symbols/msbm10.pfb>
Output written on main.pdf (34 pages, 414695 bytes).
PDF statistics:
 967 PDF objects out of 1000 (max. 8388607)
 191 compressed objects within 2 object streams
 0 named destinations out of 1000 (max. 500000)
 13840 words of extra memory for PDF output out of 14400 (max. 10000000)

