$ pdflatex -interaction=nonstopmode main.tex
This is pdfTeX, Version 3.141592653-2.6-1.40.29 (TeX Live 2026) (preloaded format=pdflatex)
 restricted \write18 enabled.
entering extended mode
(./main.tex
LaTeX2e <2025-11-01>
L3 programming layer <2026-01-19>
(./elsarticle.cls
Document Class: elsarticle 2026/01/09, 3.5: Elsevier Ltd
(/usr/local/texlive/2026basic/texmf-dist/tex/latex/base/fontenc.sty)
(/usr/local/texlive/2026basic/texmf-dist/tex/latex/l3kernel/expl3.sty
(/usr/local/texlive/2026basic/texmf-dist/tex/latex/l3backend/l3backend-pdftex.d
ef))
(/usr/local/texlive/2026basic/texmf-dist/tex/latex/l3packages/xparse/xparse.sty
) (/Users/limeng/Library/texmf/tex/latex/etoolbox/etoolbox.sty)
(/usr/local/texlive/2026basic/texmf-dist/tex/latex/base/article.cls
Document Class: article 2025/01/22 v1.4n Standard LaTeX document class
(/usr/local/texlive/2026basic/texmf-dist/tex/latex/base/size12.clo))
(/usr/local/texlive/2026basic/texmf-dist/tex/latex/graphics/graphicx.sty
(/usr/local/texlive/2026basic/texmf-dist/tex/latex/graphics/keyval.sty)
(/usr/local/texlive/2026basic/texmf-dist/tex/latex/graphics/graphics.sty
(/usr/local/texlive/2026basic/texmf-dist/tex/latex/graphics/trig.sty)
(/usr/local/texlive/2026basic/texmf-dist/tex/latex/graphics-cfg/graphics.cfg)
(/usr/local/texlive/2026basic/texmf-dist/tex/latex/graphics-def/pdftex.def)))
(/usr/local/texlive/2026basic/texmf-dist/tex/latex/natbib/natbib.sty))
(/usr/local/texlive/2026basic/texmf-dist/tex/latex/amsfonts/amssymb.sty
(/usr/local/texlive/2026basic/texmf-dist/tex/latex/amsfonts/amsfonts.sty))
(/usr/local/texlive/2026basic/texmf-dist/tex/latex/amsmath/amsmath.sty
For additional information on amsmath, use the `?' option.
(/usr/local/texlive/2026basic/texmf-dist/tex/latex/amsmath/amstext.sty
(/usr/local/texlive/2026basic/texmf-dist/tex/latex/amsmath/amsgen.sty))
(/usr/local/texlive/2026basic/texmf-dist/tex/latex/amsmath/amsbsy.sty)
(/usr/local/texlive/2026basic/texmf-dist/tex/latex/amsmath/amsopn.sty))
(/Users/limeng/Library/texmf/tex/latex/booktabs/booktabs.sty)
(/usr/local/texlive/2026basic/texmf-dist/tex/latex/tools/array.sty)
(/usr/local/texlive/2026basic/texmf-dist/tex/latex/tools/longtable.sty)
(/usr/local/texlive/2026basic/texmf-dist/tex/latex/tools/tabularx.sty)
(/Users/limeng/Library/texmf/tex/latex/xltabular/xltabular.sty
(/Users/limeng/Library/texmf/tex/latex/ltablex/ltablex.sty))
(/Users/limeng/Library/texmf/tex/latex/makecell/makecell.sty)
(/Users/limeng/Library/texmf/tex/latex/enumitem/enumitem.sty)
(/Users/limeng/Library/texmf/tex/latex/microtype/microtype.sty
(/Users/limeng/Library/texmf/tex/latex/microtype/microtype-pdftex.def)
(/Users/limeng/Library/texmf/tex/latex/microtype/microtype.cfg))
(/Users/limeng/Library/texmf/tex/latex/xurl/xurl.sty
(/usr/local/texlive/2026basic/texmf-dist/tex/latex/url/url.sty))
(/Users/limeng/Library/texmf/tex/latex/float/float.sty)
No file main.aux.
(/usr/local/texlive/2026basic/texmf-dist/tex/context/base/mkii/supp-pdf.mkii
[Loading MPS to PDF converter (version 2006.09.02).]
)
(/usr/local/texlive/2026basic/texmf-dist/tex/latex/epstopdf-pkg/epstopdf-base.s
ty (/Users/limeng/Library/texmf/tex/latex/latexconfig/epstopdf-sys.cfg))
(/Users/limeng/Library/texmf/tex/latex/microtype/mt-cmr.cfg)
(/usr/local/texlive/2026basic/texmf-dist/tex/latex/amsfonts/umsa.fd)
(/Users/limeng/Library/texmf/tex/latex/microtype/mt-msa.cfg)
(/usr/local/texlive/2026basic/texmf-dist/tex/latex/amsfonts/umsb.fd)
(/Users/limeng/Library/texmf/tex/latex/microtype/mt-msb.cfg) [1{/Users/limeng/L
ibrary/texlive/2026basic/texmf-var/fonts/map/pdftex/updmap/pdftex.map}]

Package natbib Warning: Citation `raissi2019pinn' on page 2 undefined on input 
line 120.


Package natbib Warning: Citation `karniadakis2021piml' on page 2 undefined on i
nput line 120.


Package natbib Warning: Citation `li2021fno' on page 2 undefined on input line 
120.


Package natbib Warning: Citation `pfaff2021meshgraphnets' on page 2 undefined o
n input line 120.


Package natbib Warning: Citation `barr2015oracle' on page 2 undefined on input 
line 120.


Package natbib Warning: Citation `chen1998metamorphic' on page 2 undefined on i
nput line 122.


Package natbib Warning: Citation `segura2016survey' on page 2 undefined on inpu
t line 122.


Package natbib Warning: Citation `kanewala2019scientific' on page 2 undefined o
n input line 122.


Package natbib Warning: Citation `lin2020exploratory' on page 2 undefined on in
put line 122.


Package natbib Warning: Citation `olsen2019simulation' on page 2 undefined on i
nput line 122.


Package natbib Warning: Citation `zhao2026noether' on page 2 undefined on input
 line 126.

[2]

LaTeX Warning: Reference `subsec:operator-floor-sweep' on page 3 undefined on i
nput line 132.


Package natbib Warning: Citation `duqueTorres2023bugornot' on page 3 undefined 
on input line 136.


Package natbib Warning: Citation `duqueTorres2023completePipeline' on page 3 un
defined on input line 136.


Package natbib Warning: Citation `duqueTorres2023metaTrimmer' on page 3 undefin
ed on input line 136.

[3]

LaTeX Warning: Reference `sec:related' on page 4 undefined on input line 141.


LaTeX Warning: Reference `sec:method' on page 4 undefined on input line 141.


LaTeX Warning: Reference `sec:empirical-design' on page 4 undefined on input li
ne 141.


LaTeX Warning: Reference `sec:results' on page 4 undefined on input line 141.


Package natbib Warning: Citation `pfaff2021meshgraphnets' on page 4 undefined o
n input line 151.


Package natbib Warning: Citation `chen1998metamorphic' on page 4 undefined on i
nput line 153.


Package natbib Warning: Citation `segura2016survey' on page 4 undefined on inpu
t line 153.


Package natbib Warning: Citation `chen2018mtSurvey' on page 4 undefined on inpu
t line 153.


Package natbib Warning: Citation `chen2002pde' on page 4 undefined on input lin
e 153.


Package natbib Warning: Citation `chen2011ml' on page 4 undefined on input line
 153.


Package natbib Warning: Citation `kanewala2019scientific' on page 4 undefined o
n input line 153.


Package natbib Warning: Citation `olsen2019simulation' on page 4 undefined on i
nput line 153.


Package natbib Warning: Citation `ying2025' on page 4 undefined on input line 1
53.


Package natbib Warning: Citation `kanewalaBieman2014slr' on page 4 undefined on
 input line 155.


Package natbib Warning: Citation `kanewala2019scientific' on page 4 undefined o
n input line 155.


Package natbib Warning: Citation `lin2020exploratory' on page 4 undefined on in
put line 155.


Package natbib Warning: Citation `olsen2019simulation' on page 4 undefined on i
nput line 155.


Package natbib Warning: Citation `raunak2021continuum' on page 4 undefined on i
nput line 155.


Package natbib Warning: Citation `kanewala2016graphkernel' on page 4 undefined 
on input line 155.


Package natbib Warning: Citation `wang2022mridentification' on page 4 undefined
 on input line 155.


Package natbib Warning: Citation `fu2021burnup' on page 4 undefined on input li
ne 155.


Package natbib Warning: Citation `tsigkanos2023' on page 4 undefined on input l
ine 155.


Package natbib Warning: Citation `spieker2024trajectory' on page 4 undefined on
 input line 155.


Package natbib Warning: Citation `spieker2025multimodal' on page 4 undefined on
 input line 155.


Package natbib Warning: Citation `hiremath2021ocean' on page 4 undefined on inp
ut line 155.


Package natbib Warning: Citation `mandrioli2025cps' on page 4 undefined on inpu
t line 155.

[4]

Package natbib Warning: Citation `duqueTorres2023completePipeline' on page 5 un
defined on input line 157.


Package natbib Warning: Citation `duqueTorres2024selecting' on page 5 undefined
 on input line 157.


Package natbib Warning: Citation `sun2026ccml' on page 5 undefined on input lin
e 157.


Package natbib Warning: Citation `li2022nuclearmr' on page 5 undefined on input
 line 159.


Package natbib Warning: Citation `wang2022mridentification' on page 5 undefined
 on input line 159.


Package natbib Warning: Citation `srinivasan2022prioritization' on page 5 undef
ined on input line 159.


Package natbib Warning: Citation `saha2019faultdetection' on page 5 undefined o
n input line 159.


Package natbib Warning: Citation `yang2021hydromt' on page 5 undefined on input
 line 164.


Package natbib Warning: Citation `reichert2024hess' on page 5 undefined on inpu
t line 164.


Package natbib Warning: Citation `eniser2022relaxations' on page 5 undefined on
 input line 164.


Package natbib Warning: Citation `duqueTorres2023bugornot' on page 5 undefined 
on input line 164.


Package natbib Warning: Citation `duqueTorres2023completePipeline' on page 5 un
defined on input line 164.


Package natbib Warning: Citation `duqueTorres2024selecting' on page 5 undefined
 on input line 164.


Package natbib Warning: Citation `duqueTorres2023metaTrimmer' on page 5 undefin
ed on input line 164.


Underfull \hbox (badness 1107) in paragraph at lines 166--167
\T1/cmr/m/n/12 it takes the need for cal-i-brated tol-er-ances; from violation-
attribution
[5]

Package natbib Warning: Citation `reichert2024hess' on page 6 undefined on inpu
t line 168.


Package natbib Warning: Citation `eniser2022relaxations' on page 6 undefined on
 input line 168.


Package natbib Warning: Citation `duqueTorres2023bugornot' on page 6 undefined 
on input line 168.


Package natbib Warning: Citation `duqueTorres2023completePipeline' on page 6 un
defined on input line 168.


Package natbib Warning: Citation `duqueTorres2024selecting' on page 6 undefined
 on input line 168.


Package natbib Warning: Citation `duqueTorres2023metaTrimmer' on page 6 undefin
ed on input line 168.


Package natbib Warning: Citation `sun2026ccml' on page 6 undefined on input lin
e 168.


Package natbib Warning: Citation `raissi2019pinn' on page 6 undefined on input 
line 175.


Package natbib Warning: Citation `karniadakis2021piml' on page 6 undefined on i
nput line 175.


Package natbib Warning: Citation `li2021fno' on page 6 undefined on input line 
175.


Package natbib Warning: Citation `krishnapriyan2021failure' on page 6 undefined
 on input line 175.


Package natbib Warning: Citation `gopakumar2025calibrated' on page 6 undefined 
on input line 175.


Package natbib Warning: Citation `wang2021gradflow' on page 6 undefined on inpu
t line 175.


Package natbib Warning: Citation `krishnapriyan2021failure' on page 6 undefined
 on input line 175.


Package natbib Warning: Citation `baral2025xrepit' on page 6 undefined on input
 line 177.


Package natbib Warning: Citation `wang2025deeponetfe' on page 6 undefined on in
put line 177.


Package natbib Warning: Citation `najafi2026' on page 6 undefined on input line
 179.

[6]

Package natbib Warning: Citation `yan2024elliptic' on page 7 undefined on input
 line 181.


Package natbib Warning: Citation `stevens2025mars' on page 7 undefined on input
 line 181.


LaTeX Warning: Reference `subsec:rqs' on page 7 undefined on input line 189.


LaTeX Warning: Reference `fig:workflow' on page 7 undefined on input line 189.

[7]

LaTeX Warning: Reference `subsec:verdicts' on page 8 undefined on input line 19
7.


Package natbib Warning: Citation `yang2020hierarchical' on page 8 undefined on 
input line 209.


Package natbib Warning: Citation `zhao2026noether' on page 8 undefined on input
 line 209.


LaTeX Warning: Reference `subsec:admissibility-gate' on page 8 undefined on inp
ut line 209.

[8] [9 <./fig_1_validity_gated_workflow.pdf>]

LaTeX Warning: Reference `tab:admissibility-gate' on page 10 undefined on input
 line 220.

[10] [11]

LaTeX Warning: Reference `tab:admissibility-gate' on page 12 undefined on input
 line 249.


LaTeX Warning: Reference `fig:verdict-2d' on page 12 undefined on input line 25
8.


LaTeX Warning: Reference `subsec:rqs' on page 12 undefined on input line 258.

[12]

LaTeX Warning: Reference `subsec:candidate-sources' on page 13 undefined on inp
ut line 269.

[13 <./fig_3_verdict_2d.pdf>] [14] [15]
Underfull \hbox (badness 1205) in paragraph at lines 323--324
\T1/cmr/m/n/12 accuracy di-ag-nos-tics, and ex-ter-nal wit-ness re-runs from th
e read-only

LaTeX Warning: Reference `sec:method' on page 16 undefined on input line 335.


LaTeX Warning: Reference `subsec:candidate-sources' on page 16 undefined on inp
ut line 335.

[16]

LaTeX Warning: Reference `tab:relation-record-verdict' on page 17 undefined on 
input line 346.


Underfull \hbox (badness 1264) in paragraph at lines 351--352
[]\T1/cmr/m/n/12 The com-pact claim-to-evidence map binds ev-ery re-ported clai
m to

Underfull \hbox (badness 1565) in paragraph at lines 351--352
\T1/cmr/m/n/12 i-dence ap-pendix, and the au-thor-i-ta-tive run-time map-ping r
e-mains in
[17]

LaTeX Warning: Reference `tab:relation-record-verdict' on page 18 undefined on 
input line 355.

[18] [19] [20]

LaTeX Warning: Reference `subsec:verdicts' on page 21 undefined on input line 3
91.


Underfull \hbox (badness 1014) in paragraph at lines 391--392
[]\T1/cmr/bx/n/12 Seeded-fault de-tec-tion. \T1/cmr/m/n/12 We re-implemented, f
rom the read-only

Underfull \hbox (badness 2189) in paragraph at lines 391--392
\T1/cmr/m/n/12 normalization-scale, temporal-rollout, physical-channel), and us
ed the
[21] [22]

LaTeX Warning: Reference `fig:operator-floor' on page 23 undefined on input lin
e 421.

[23]

LaTeX Warning: Reference `subsec:within-sut-pilot' on page 24 undefined on inpu
t line 433.


LaTeX Warning: Reference `subsec:within-sut-pilot' on page 24 undefined on inpu
t line 433.


LaTeX Warning: Reference `subsec:suts' on page 24 undefined on input line 433.


Underfull \hbox (badness 2318) in paragraph at lines 433--434
\T1/cmtt/m/n/12 NS_double_scale\T1/cmr/m/n/12 , where NS de-notes the normaliza
tion-scale mu-tant
[24]

LaTeX Warning: Reference `tab:coverage-geometry' on page 25 undefined on input 
line 435.


LaTeX Warning: Reference `tab:coverage-geometry' on page 25 undefined on input 
line 456.

[25 <./fig_4_operator_floor_loglog.pdf>] [26]
Underfull \hbox (badness 3302) in paragraph at lines 473--474
\T1/cmr/m/n/12 external-dataset or geometry-independent pass/fail rates, Aero-G
raph-
[27]

Package natbib Warning: Citation `verdecchia2023threats' on page 28 undefined o
n input line 482.


Package natbib Warning: Citation `ralph2021empirical' on page 28 undefined on i
nput line 482.


Underfull \hbox (badness 1308) in paragraph at lines 486--487
\T1/cmr/m/n/12 re-mains a non-regression guard rather than an ab-so-lute con-se
r-va-tion
[28] [29]
Underfull \hbox (badness 3471) in paragraph at lines 501--502
\T1/cmr/m/n/12 bound-ary treat-ments, flux-form op-er-a-tors, dis-con-tin-u-ous
 fields, and
[30] [31] [32]
No file main.bbl.

Package natbib Warning: There were undefined citations.

[33] (./main.aux)

LaTeX Warning: There were undefined references.


LaTeX Warning: Label(s) may have changed. Rerun to get cross-references right.

 )
(see the transcript file for additional information) </Users/limeng/Library/tex
live/2026basic/texmf-var/fonts/pk/ljfour/jknappen/ec/ectt1200.600pk> </Users/li
meng/Library/texlive/2026basic/texmf-var/fonts/pk/ljfour/jknappen/ec/ectt0800.6
00pk> </Users/limeng/Library/texlive/2026basic/texmf-var/fonts/pk/ljfour/jknapp
en/ec/ecbx0800.600pk> </Users/limeng/Library/texlive/2026basic/texmf-var/fonts/
pk/ljfour/jknappen/ec/ecbx1000.600pk> </Users/limeng/Library/texlive/2026basic/
texmf-var/fonts/pk/ljfour/jknappen/ec/eccc1200.600pk> </Users/limeng/Library/te
xlive/2026basic/texmf-var/fonts/pk/ljfour/jknappen/ec/tcrm1200.600pk> </Users/l
imeng/Library/texlive/2026basic/texmf-var/fonts/pk/ljfour/jknappen/ec/ecrm1000.
600pk> </Users/limeng/Library/texlive/2026basic/texmf-var/fonts/pk/ljfour/jknap
pen/ec/ecti1200.600pk> </Users/limeng/Library/texlive/2026basic/texmf-var/fonts
/pk/ljfour/jknappen/ec/ecbx1200.600pk> </Users/limeng/Library/texlive/2026basic
/texmf-var/fonts/pk/ljfour/jknappen/ec/ecti1000.600pk> </Users/limeng/Library/t
exlive/2026basic/texmf-var/fonts/pk/ljfour/jknappen/ec/ecti0700.600pk> </Users/
limeng/Library/texlive/2026basic/texmf-var/fonts/pk/ljfour/jknappen/ec/ecrm0800
.600pk> </Users/limeng/Library/texlive/2026basic/texmf-var/fonts/pk/ljfour/jkna
ppen/ec/ecrm1200.600pk> </Users/limeng/Library/texlive/2026basic/texmf-var/font
s/pk/ljfour/jknappen/ec/ecrm1728.600pk></usr/local/texlive/2026basic/texmf-dist
/fonts/type1/public/amsfonts/cm/cmmi12.pfb></usr/local/texlive/2026basic/texmf-
dist/fonts/type1/public/amsfonts/cm/cmmi6.pfb></usr/local/texlive/2026basic/tex
mf-dist/fonts/type1/public/amsfonts/cm/cmmi8.pfb></usr/local/texlive/2026basic/
texmf-dist/fonts/type1/public/amsfonts/cm/cmr12.pfb></usr/local/texlive/2026bas
ic/texmf-dist/fonts/type1/public/amsfonts/cm/cmr8.pfb></usr/local/texlive/2026b
asic/texmf-dist/fonts/type1/public/amsfonts/cm/cmss12.pfb></usr/local/texlive/2
026basic/texmf-dist/fonts/type1/public/amsfonts/cm/cmsy10.pfb></usr/local/texli
ve/2026basic/texmf-dist/fonts/type1/public/amsfonts/cm/cmsy7.pfb></usr/local/te
xlive/2026basic/texmf-dist/fonts/type1/public/amsfonts/cm/cmsy8.pfb></usr/local
/texlive/2026basic/texmf-dist/fonts/type1/public/amsfonts/symbols/msbm10.pfb>
Output written on main.pdf (33 pages, 402292 bytes).
Transcript written on main.log.



$ bibtex main
This is BibTeX, Version 0.99e (TeX Live 2026)
The top-level auxiliary file: main.aux
The style file: elsarticle-harv.bst
Database file #1: references.bib



$ pdflatex -interaction=nonstopmode main.tex
This is pdfTeX, Version 3.141592653-2.6-1.40.29 (TeX Live 2026) (preloaded format=pdflatex)
 restricted \write18 enabled.
entering extended mode
(./main.tex
LaTeX2e <2025-11-01>
L3 programming layer <2026-01-19>
(./elsarticle.cls
Document Class: elsarticle 2026/01/09, 3.5: Elsevier Ltd
(/usr/local/texlive/2026basic/texmf-dist/tex/latex/base/fontenc.sty)
(/usr/local/texlive/2026basic/texmf-dist/tex/latex/l3kernel/expl3.sty
(/usr/local/texlive/2026basic/texmf-dist/tex/latex/l3backend/l3backend-pdftex.d
ef))
(/usr/local/texlive/2026basic/texmf-dist/tex/latex/l3packages/xparse/xparse.sty
) (/Users/limeng/Library/texmf/tex/latex/etoolbox/etoolbox.sty)
(/usr/local/texlive/2026basic/texmf-dist/tex/latex/base/article.cls
Document Class: article 2025/01/22 v1.4n Standard LaTeX document class
(/usr/local/texlive/2026basic/texmf-dist/tex/latex/base/size12.clo))
(/usr/local/texlive/2026basic/texmf-dist/tex/latex/graphics/graphicx.sty
(/usr/local/texlive/2026basic/texmf-dist/tex/latex/graphics/keyval.sty)
(/usr/local/texlive/2026basic/texmf-dist/tex/latex/graphics/graphics.sty
(/usr/local/texlive/2026basic/texmf-dist/tex/latex/graphics/trig.sty)
(/usr/local/texlive/2026basic/texmf-dist/tex/latex/graphics-cfg/graphics.cfg)
(/usr/local/texlive/2026basic/texmf-dist/tex/latex/graphics-def/pdftex.def)))
(./main.spl)
(/usr/local/texlive/2026basic/texmf-dist/tex/latex/natbib/natbib.sty))
(/usr/local/texlive/2026basic/texmf-dist/tex/latex/amsfonts/amssymb.sty
(/usr/local/texlive/2026basic/texmf-dist/tex/latex/amsfonts/amsfonts.sty))
(/usr/local/texlive/2026basic/texmf-dist/tex/latex/amsmath/amsmath.sty
For additional information on amsmath, use the `?' option.
(/usr/local/texlive/2026basic/texmf-dist/tex/latex/amsmath/amstext.sty
(/usr/local/texlive/2026basic/texmf-dist/tex/latex/amsmath/amsgen.sty))
(/usr/local/texlive/2026basic/texmf-dist/tex/latex/amsmath/amsbsy.sty)
(/usr/local/texlive/2026basic/texmf-dist/tex/latex/amsmath/amsopn.sty))
(/Users/limeng/Library/texmf/tex/latex/booktabs/booktabs.sty)
(/usr/local/texlive/2026basic/texmf-dist/tex/latex/tools/array.sty)
(/usr/local/texlive/2026basic/texmf-dist/tex/latex/tools/longtable.sty)
(/usr/local/texlive/2026basic/texmf-dist/tex/latex/tools/tabularx.sty)
(/Users/limeng/Library/texmf/tex/latex/xltabular/xltabular.sty
(/Users/limeng/Library/texmf/tex/latex/ltablex/ltablex.sty))
(/Users/limeng/Library/texmf/tex/latex/makecell/makecell.sty)
(/Users/limeng/Library/texmf/tex/latex/enumitem/enumitem.sty)
(/Users/limeng/Library/texmf/tex/latex/microtype/microtype.sty
(/Users/limeng/Library/texmf/tex/latex/microtype/microtype-pdftex.def)
(/Users/limeng/Library/texmf/tex/latex/microtype/microtype.cfg))
(/Users/limeng/Library/texmf/tex/latex/xurl/xurl.sty
(/usr/local/texlive/2026basic/texmf-dist/tex/latex/url/url.sty))
(/Users/limeng/Library/texmf/tex/latex/float/float.sty) (./main.aux)
(/usr/local/texlive/2026basic/texmf-dist/tex/context/base/mkii/supp-pdf.mkii
[Loading MPS to PDF converter (version 2006.09.02).]
)
(/usr/local/texlive/2026basic/texmf-dist/tex/latex/epstopdf-pkg/epstopdf-base.s
ty (/Users/limeng/Library/texmf/tex/latex/latexconfig/epstopdf-sys.cfg))
(/Users/limeng/Library/texmf/tex/latex/microtype/mt-cmr.cfg)
(/usr/local/texlive/2026basic/texmf-dist/tex/latex/amsfonts/umsa.fd)
(/Users/limeng/Library/texmf/tex/latex/microtype/mt-msa.cfg)
(/usr/local/texlive/2026basic/texmf-dist/tex/latex/amsfonts/umsb.fd)
(/Users/limeng/Library/texmf/tex/latex/microtype/mt-msb.cfg) [1{/Users/limeng/L
ibrary/texlive/2026basic/texmf-var/fonts/map/pdftex/updmap/pdftex.map}]

Package natbib Warning: Citation `raissi2019pinn' on page 2 undefined on input 
line 120.


Package natbib Warning: Citation `karniadakis2021piml' on page 2 undefined on i
nput line 120.


Package natbib Warning: Citation `li2021fno' on page 2 undefined on input line 
120.


Package natbib Warning: Citation `pfaff2021meshgraphnets' on page 2 undefined o
n input line 120.


Package natbib Warning: Citation `barr2015oracle' on page 2 undefined on input 
line 120.


Package natbib Warning: Citation `chen1998metamorphic' on page 2 undefined on i
nput line 122.


Package natbib Warning: Citation `segura2016survey' on page 2 undefined on inpu
t line 122.


Package natbib Warning: Citation `kanewala2019scientific' on page 2 undefined o
n input line 122.


Package natbib Warning: Citation `lin2020exploratory' on page 2 undefined on in
put line 122.


Package natbib Warning: Citation `olsen2019simulation' on page 2 undefined on i
nput line 122.


Package natbib Warning: Citation `zhao2026noether' on page 2 undefined on input
 line 126.

[2]

Package natbib Warning: Citation `duqueTorres2023bugornot' on page 3 undefined 
on input line 136.


Package natbib Warning: Citation `duqueTorres2023completePipeline' on page 3 un
defined on input line 136.


Package natbib Warning: Citation `duqueTorres2023metaTrimmer' on page 3 undefin
ed on input line 136.

[3]

Package natbib Warning: Citation `pfaff2021meshgraphnets' on page 4 undefined o
n input line 151.


Package natbib Warning: Citation `chen1998metamorphic' on page 4 undefined on i
nput line 153.


Package natbib Warning: Citation `segura2016survey' on page 4 undefined on inpu
t line 153.


Package natbib Warning: Citation `chen2018mtSurvey' on page 4 undefined on inpu
t line 153.


Package natbib Warning: Citation `chen2002pde' on page 4 undefined on input lin
e 153.


Package natbib Warning: Citation `chen2011ml' on page 4 undefined on input line
 153.


Package natbib Warning: Citation `kanewala2019scientific' on page 4 undefined o
n input line 153.


Package natbib Warning: Citation `olsen2019simulation' on page 4 undefined on i
nput line 153.


Package natbib Warning: Citation `ying2025' on page 4 undefined on input line 1
53.


Package natbib Warning: Citation `kanewalaBieman2014slr' on page 4 undefined on
 input line 155.


Package natbib Warning: Citation `kanewala2019scientific' on page 4 undefined o
n input line 155.


Package natbib Warning: Citation `lin2020exploratory' on page 4 undefined on in
put line 155.


Package natbib Warning: Citation `olsen2019simulation' on page 4 undefined on i
nput line 155.


Package natbib Warning: Citation `raunak2021continuum' on page 4 undefined on i
nput line 155.


Package natbib Warning: Citation `kanewala2016graphkernel' on page 4 undefined 
on input line 155.


Package natbib Warning: Citation `wang2022mridentification' on page 4 undefined
 on input line 155.


Package natbib Warning: Citation `fu2021burnup' on page 4 undefined on input li
ne 155.


Package natbib Warning: Citation `tsigkanos2023' on page 4 undefined on input l
ine 155.


Package natbib Warning: Citation `spieker2024trajectory' on page 4 undefined on
 input line 155.


Package natbib Warning: Citation `spieker2025multimodal' on page 4 undefined on
 input line 155.


Package natbib Warning: Citation `hiremath2021ocean' on page 4 undefined on inp
ut line 155.


Package natbib Warning: Citation `mandrioli2025cps' on page 4 undefined on inpu
t line 155.

[4]

Package natbib Warning: Citation `duqueTorres2023completePipeline' on page 5 un
defined on input line 157.


Package natbib Warning: Citation `duqueTorres2024selecting' on page 5 undefined
 on input line 157.


Package natbib Warning: Citation `sun2026ccml' on page 5 undefined on input lin
e 157.


Package natbib Warning: Citation `li2022nuclearmr' on page 5 undefined on input
 line 159.


Package natbib Warning: Citation `wang2022mridentification' on page 5 undefined
 on input line 159.


Package natbib Warning: Citation `srinivasan2022prioritization' on page 5 undef
ined on input line 159.


Package natbib Warning: Citation `saha2019faultdetection' on page 5 undefined o
n input line 159.


Package natbib Warning: Citation `yang2021hydromt' on page 5 undefined on input
 line 164.


Package natbib Warning: Citation `reichert2024hess' on page 5 undefined on inpu
t line 164.


Package natbib Warning: Citation `eniser2022relaxations' on page 5 undefined on
 input line 164.


Package natbib Warning: Citation `duqueTorres2023bugornot' on page 5 undefined 
on input line 164.


Package natbib Warning: Citation `duqueTorres2023completePipeline' on page 5 un
defined on input line 164.


Package natbib Warning: Citation `duqueTorres2024selecting' on page 5 undefined
 on input line 164.


Package natbib Warning: Citation `duqueTorres2023metaTrimmer' on page 5 undefin
ed on input line 164.


Underfull \hbox (badness 1107) in paragraph at lines 166--167
\T1/cmr/m/n/12 it takes the need for cal-i-brated tol-er-ances; from violation-
attribution
[5]

Package natbib Warning: Citation `reichert2024hess' on page 6 undefined on inpu
t line 168.


Package natbib Warning: Citation `eniser2022relaxations' on page 6 undefined on
 input line 168.


Package natbib Warning: Citation `duqueTorres2023bugornot' on page 6 undefined 
on input line 168.


Package natbib Warning: Citation `duqueTorres2023completePipeline' on page 6 un
defined on input line 168.


Package natbib Warning: Citation `duqueTorres2024selecting' on page 6 undefined
 on input line 168.


Package natbib Warning: Citation `duqueTorres2023metaTrimmer' on page 6 undefin
ed on input line 168.


Package natbib Warning: Citation `sun2026ccml' on page 6 undefined on input lin
e 168.


Package natbib Warning: Citation `raissi2019pinn' on page 6 undefined on input 
line 175.


Package natbib Warning: Citation `karniadakis2021piml' on page 6 undefined on i
nput line 175.


Package natbib Warning: Citation `li2021fno' on page 6 undefined on input line 
175.


Package natbib Warning: Citation `krishnapriyan2021failure' on page 6 undefined
 on input line 175.


Package natbib Warning: Citation `gopakumar2025calibrated' on page 6 undefined 
on input line 175.


Package natbib Warning: Citation `wang2021gradflow' on page 6 undefined on inpu
t line 175.


Package natbib Warning: Citation `krishnapriyan2021failure' on page 6 undefined
 on input line 175.


Package natbib Warning: Citation `baral2025xrepit' on page 6 undefined on input
 line 177.


Package natbib Warning: Citation `wang2025deeponetfe' on page 6 undefined on in
put line 177.

[6]

Package natbib Warning: Citation `najafi2026' on page 7 undefined on input line
 179.


Package natbib Warning: Citation `yan2024elliptic' on page 7 undefined on input
 line 181.


Package natbib Warning: Citation `stevens2025mars' on page 7 undefined on input
 line 181.

[7]

Package natbib Warning: Citation `yang2020hierarchical' on page 8 undefined on 
input line 209.


Package natbib Warning: Citation `zhao2026noether' on page 8 undefined on input
 line 209.

[8] [9 <./fig_1_validity_gated_workflow.pdf>] [10] [11] [12] [13 <./fig_3_verdi
ct_2d.pdf>] [14] [15]
Underfull \hbox (badness 1205) in paragraph at lines 323--324
\T1/cmr/m/n/12 accuracy di-ag-nos-tics, and ex-ter-nal wit-ness re-runs from th
e read-only

Underfull \hbox (badness 1320) in paragraph at lines 335--336
\T1/cmr/m/n/12 invariance ($\OT1/cmss/m/n/12 f[]$\T1/cmr/m/n/12 ) and the conve
rgence/accuracy-order pair ($\OT1/cmss/m/n/12 f[]$\T1/cmr/m/n/12 ,
[16]
Underfull \hbox (badness 1264) in paragraph at lines 351--352
[]\T1/cmr/m/n/12 The com-pact claim-to-evidence map binds ev-ery re-ported clai
m to

Underfull \hbox (badness 1565) in paragraph at lines 351--352
\T1/cmr/m/n/12 i-dence ap-pendix, and the au-thor-i-ta-tive run-time map-ping r
e-mains in
[17] [18] [19] [20]
Underfull \hbox (badness 1014) in paragraph at lines 391--392
[]\T1/cmr/bx/n/12 Seeded-fault de-tec-tion. \T1/cmr/m/n/12 We re-implemented, f
rom the read-only

Underfull \hbox (badness 2189) in paragraph at lines 391--392
\T1/cmr/m/n/12 normalization-scale, temporal-rollout, physical-channel), and us
ed the
[21] [22] [23]
Underfull \hbox (badness 2318) in paragraph at lines 433--434
\T1/cmtt/m/n/12 NS_double_scale\T1/cmr/m/n/12 , where NS de-notes the normaliza
tion-scale mu-tant
[24] [25 <./fig_4_operator_floor_loglog.pdf>] [26]
Underfull \hbox (badness 3302) in paragraph at lines 473--474
\T1/cmr/m/n/12 external-dataset or geometry-independent pass/fail rates, Aero-G
raph-
[27]

Package natbib Warning: Citation `verdecchia2023threats' on page 28 undefined o
n input line 482.


Package natbib Warning: Citation `ralph2021empirical' on page 28 undefined on i
nput line 482.


Underfull \hbox (badness 1308) in paragraph at lines 486--487
\T1/cmr/m/n/12 re-mains a non-regression guard rather than an ab-so-lute con-se
r-va-tion
[28] [29]
Underfull \hbox (badness 3471) in paragraph at lines 501--502
\T1/cmr/m/n/12 bound-ary treat-ments, flux-form op-er-a-tors, dis-con-tin-u-ous
 fields, and
[30] [31] [32] (./main.bbl [33] [34] [35])

Package natbib Warning: There were undefined citations.

[36] (./main.aux

Package natbib Warning: Citation(s) may have changed.
(natbib)                Rerun to get citations correct.

)

LaTeX Warning: Label(s) may have changed. Rerun to get cross-references right.

 )
(see the transcript file for additional information) </Users/limeng/Library/tex
live/2026basic/texmf-var/fonts/pk/ljfour/jknappen/ec/ectt1200.600pk> </Users/li
meng/Library/texlive/2026basic/texmf-var/fonts/pk/ljfour/jknappen/ec/ectt0800.6
00pk> </Users/limeng/Library/texlive/2026basic/texmf-var/fonts/pk/ljfour/jknapp
en/ec/ecbx0800.600pk> </Users/limeng/Library/texlive/2026basic/texmf-var/fonts/
pk/ljfour/jknappen/ec/ecbx1000.600pk> </Users/limeng/Library/texlive/2026basic/
texmf-var/fonts/pk/ljfour/jknappen/ec/eccc1200.600pk> </Users/limeng/Library/te
xlive/2026basic/texmf-var/fonts/pk/ljfour/jknappen/ec/tcrm1200.600pk> </Users/l
imeng/Library/texlive/2026basic/texmf-var/fonts/pk/ljfour/jknappen/ec/ecti1200.
600pk> </Users/limeng/Library/texlive/2026basic/texmf-var/fonts/pk/ljfour/jknap
pen/ec/ectt1000.600pk> </Users/limeng/Library/texlive/2026basic/texmf-var/fonts
/pk/ljfour/jknappen/ec/ecrm1000.600pk> </Users/limeng/Library/texlive/2026basic
/texmf-var/fonts/pk/ljfour/jknappen/ec/ecbx1200.600pk> </Users/limeng/Library/t
exlive/2026basic/texmf-var/fonts/pk/ljfour/jknappen/ec/ecti1000.600pk> </Users/
limeng/Library/texlive/2026basic/texmf-var/fonts/pk/ljfour/jknappen/ec/ecti0700
.600pk> </Users/limeng/Library/texlive/2026basic/texmf-var/fonts/pk/ljfour/jkna
ppen/ec/ecrm0800.600pk> </Users/limeng/Library/texlive/2026basic/texmf-var/font
s/pk/ljfour/jknappen/ec/ecrm1200.600pk> </Users/limeng/Library/texlive/2026basi
c/texmf-var/fonts/pk/ljfour/jknappen/ec/ecrm1728.600pk></usr/local/texlive/2026
basic/texmf-dist/fonts/type1/public/amsfonts/cm/cmmi12.pfb></usr/local/texlive/
2026basic/texmf-dist/fonts/type1/public/amsfonts/cm/cmmi6.pfb></usr/local/texli
ve/2026basic/texmf-dist/fonts/type1/public/amsfonts/cm/cmmi8.pfb></usr/local/te
xlive/2026basic/texmf-dist/fonts/type1/public/amsfonts/cm/cmr12.pfb></usr/local
/texlive/2026basic/texmf-dist/fonts/type1/public/amsfonts/cm/cmr8.pfb></usr/loc
al/texlive/2026basic/texmf-dist/fonts/type1/public/amsfonts/cm/cmss12.pfb></usr
/local/texlive/2026basic/texmf-dist/fonts/type1/public/amsfonts/cm/cmsy10.pfb><
/usr/local/texlive/2026basic/texmf-dist/fonts/type1/public/amsfonts/cm/cmsy7.pf
b></usr/local/texlive/2026basic/texmf-dist/fonts/type1/public/amsfonts/cm/cmsy8
.pfb></usr/local/texlive/2026basic/texmf-dist/fonts/type1/public/amsfonts/symbo
ls/msbm10.pfb>
Output written on main.pdf (36 pages, 436240 bytes).
Transcript written on main.log.



$ pdflatex -interaction=nonstopmode main.tex
This is pdfTeX, Version 3.141592653-2.6-1.40.29 (TeX Live 2026) (preloaded format=pdflatex)
 restricted \write18 enabled.
entering extended mode
(./main.tex
LaTeX2e <2025-11-01>
L3 programming layer <2026-01-19>
(./elsarticle.cls
Document Class: elsarticle 2026/01/09, 3.5: Elsevier Ltd
(/usr/local/texlive/2026basic/texmf-dist/tex/latex/base/fontenc.sty)
(/usr/local/texlive/2026basic/texmf-dist/tex/latex/l3kernel/expl3.sty
(/usr/local/texlive/2026basic/texmf-dist/tex/latex/l3backend/l3backend-pdftex.d
ef))
(/usr/local/texlive/2026basic/texmf-dist/tex/latex/l3packages/xparse/xparse.sty
) (/Users/limeng/Library/texmf/tex/latex/etoolbox/etoolbox.sty)
(/usr/local/texlive/2026basic/texmf-dist/tex/latex/base/article.cls
Document Class: article 2025/01/22 v1.4n Standard LaTeX document class
(/usr/local/texlive/2026basic/texmf-dist/tex/latex/base/size12.clo))
(/usr/local/texlive/2026basic/texmf-dist/tex/latex/graphics/graphicx.sty
(/usr/local/texlive/2026basic/texmf-dist/tex/latex/graphics/keyval.sty)
(/usr/local/texlive/2026basic/texmf-dist/tex/latex/graphics/graphics.sty
(/usr/local/texlive/2026basic/texmf-dist/tex/latex/graphics/trig.sty)
(/usr/local/texlive/2026basic/texmf-dist/tex/latex/graphics-cfg/graphics.cfg)
(/usr/local/texlive/2026basic/texmf-dist/tex/latex/graphics-def/pdftex.def)))
(./main.spl)
(/usr/local/texlive/2026basic/texmf-dist/tex/latex/natbib/natbib.sty))
(/usr/local/texlive/2026basic/texmf-dist/tex/latex/amsfonts/amssymb.sty
(/usr/local/texlive/2026basic/texmf-dist/tex/latex/amsfonts/amsfonts.sty))
(/usr/local/texlive/2026basic/texmf-dist/tex/latex/amsmath/amsmath.sty
For additional information on amsmath, use the `?' option.
(/usr/local/texlive/2026basic/texmf-dist/tex/latex/amsmath/amstext.sty
(/usr/local/texlive/2026basic/texmf-dist/tex/latex/amsmath/amsgen.sty))
(/usr/local/texlive/2026basic/texmf-dist/tex/latex/amsmath/amsbsy.sty)
(/usr/local/texlive/2026basic/texmf-dist/tex/latex/amsmath/amsopn.sty))
(/Users/limeng/Library/texmf/tex/latex/booktabs/booktabs.sty)
(/usr/local/texlive/2026basic/texmf-dist/tex/latex/tools/array.sty)
(/usr/local/texlive/2026basic/texmf-dist/tex/latex/tools/longtable.sty)
(/usr/local/texlive/2026basic/texmf-dist/tex/latex/tools/tabularx.sty)
(/Users/limeng/Library/texmf/tex/latex/xltabular/xltabular.sty
(/Users/limeng/Library/texmf/tex/latex/ltablex/ltablex.sty))
(/Users/limeng/Library/texmf/tex/latex/makecell/makecell.sty)
(/Users/limeng/Library/texmf/tex/latex/enumitem/enumitem.sty)
(/Users/limeng/Library/texmf/tex/latex/microtype/microtype.sty
(/Users/limeng/Library/texmf/tex/latex/microtype/microtype-pdftex.def)
(/Users/limeng/Library/texmf/tex/latex/microtype/microtype.cfg))
(/Users/limeng/Library/texmf/tex/latex/xurl/xurl.sty
(/usr/local/texlive/2026basic/texmf-dist/tex/latex/url/url.sty))
(/Users/limeng/Library/texmf/tex/latex/float/float.sty) (./main.aux)
(/usr/local/texlive/2026basic/texmf-dist/tex/context/base/mkii/supp-pdf.mkii
[Loading MPS to PDF converter (version 2006.09.02).]
)
(/usr/local/texlive/2026basic/texmf-dist/tex/latex/epstopdf-pkg/epstopdf-base.s
ty (/Users/limeng/Library/texmf/tex/latex/latexconfig/epstopdf-sys.cfg))
(/Users/limeng/Library/texmf/tex/latex/microtype/mt-cmr.cfg)
(/usr/local/texlive/2026basic/texmf-dist/tex/latex/amsfonts/umsa.fd)
(/Users/limeng/Library/texmf/tex/latex/microtype/mt-msa.cfg)
(/usr/local/texlive/2026basic/texmf-dist/tex/latex/amsfonts/umsb.fd)
(/Users/limeng/Library/texmf/tex/latex/microtype/mt-msb.cfg) [1{/Users/limeng/L
ibrary/texlive/2026basic/texmf-var/fonts/map/pdftex/updmap/pdftex.map}]
[2] [3] [4] [5]
Underfull \hbox (badness 1107) in paragraph at lines 166--167
\T1/cmr/m/n/12 it takes the need for cal-i-brated tol-er-ances; from violation-
attribution
[6] [7] [8] [9] [10 <./fig_1_validity_gated_workflow.pdf>] [11] [12] [13]
[14 <./fig_3_verdict_2d.pdf>] [15]
Underfull \hbox (badness 1205) in paragraph at lines 323--324
\T1/cmr/m/n/12 accuracy di-ag-nos-tics, and ex-ter-nal wit-ness re-runs from th
e read-only
[16]
Underfull \hbox (badness 1320) in paragraph at lines 335--336
\T1/cmr/m/n/12 invariance ($\OT1/cmss/m/n/12 f[]$\T1/cmr/m/n/12 ) and the conve
rgence/accuracy-order pair ($\OT1/cmss/m/n/12 f[]$\T1/cmr/m/n/12 ,
[17]
Underfull \hbox (badness 1264) in paragraph at lines 351--352
[]\T1/cmr/m/n/12 The com-pact claim-to-evidence map binds ev-ery re-ported clai
m to

Underfull \hbox (badness 1565) in paragraph at lines 351--352
\T1/cmr/m/n/12 i-dence ap-pendix, and the au-thor-i-ta-tive run-time map-ping r
e-mains in
[18] [19] [20]
Underfull \hbox (badness 1014) in paragraph at lines 391--392
[]\T1/cmr/bx/n/12 Seeded-fault de-tec-tion. \T1/cmr/m/n/12 We re-implemented, f
rom the read-only

Underfull \hbox (badness 2189) in paragraph at lines 391--392
\T1/cmr/m/n/12 normalization-scale, temporal-rollout, physical-channel), and us
ed the
[21] [22] [23]
Underfull \hbox (badness 2318) in paragraph at lines 433--434
\T1/cmtt/m/n/12 NS_double_scale\T1/cmr/m/n/12 , where NS de-notes the normaliza
tion-scale mu-tant
[24] [25 <./fig_4_operator_floor_loglog.pdf>] [26]
Underfull \hbox (badness 3302) in paragraph at lines 473--474
\T1/cmr/m/n/12 external-dataset or geometry-independent pass/fail rates, Aero-G
raph-
[27]
Underfull \hbox (badness 1603) in paragraph at lines 482--483
\T1/cmr/m/n/12 and re-port against the Em-pir-i-cal Stan-dards for soft-ware en
-gi-neer-ing

Underfull \hbox (badness 1308) in paragraph at lines 486--487
\T1/cmr/m/n/12 re-mains a non-regression guard rather than an ab-so-lute con-se
r-va-tion
[28] [29]
Underfull \hbox (badness 3471) in paragraph at lines 501--502
\T1/cmr/m/n/12 bound-ary treat-ments, flux-form op-er-a-tors, dis-con-tin-u-ous
 fields, and
[30] [31] [32] (./main.bbl [33] [34] [35]) [36] (./main.aux)

LaTeX Warning: Label(s) may have changed. Rerun to get cross-references right.

 )
(see the transcript file for additional information) </Users/limeng/Library/tex
live/2026basic/texmf-var/fonts/pk/ljfour/jknappen/ec/ectt1200.600pk> </Users/li
meng/Library/texlive/2026basic/texmf-var/fonts/pk/ljfour/jknappen/ec/ectt0800.6
00pk> </Users/limeng/Library/texlive/2026basic/texmf-var/fonts/pk/ljfour/jknapp
en/ec/ecbx0800.600pk> </Users/limeng/Library/texlive/2026basic/texmf-var/fonts/
pk/ljfour/jknappen/ec/ecbx1000.600pk> </Users/limeng/Library/texlive/2026basic/
texmf-var/fonts/pk/ljfour/jknappen/ec/eccc1200.600pk> </Users/limeng/Library/te
xlive/2026basic/texmf-var/fonts/pk/ljfour/jknappen/ec/tcrm1200.600pk> </Users/l
imeng/Library/texlive/2026basic/texmf-var/fonts/pk/ljfour/jknappen/ec/ecti1200.
600pk> </Users/limeng/Library/texlive/2026basic/texmf-var/fonts/pk/ljfour/jknap
pen/ec/ectt1000.600pk> </Users/limeng/Library/texlive/2026basic/texmf-var/fonts
/pk/ljfour/jknappen/ec/ecrm1000.600pk> </Users/limeng/Library/texlive/2026basic
/texmf-var/fonts/pk/ljfour/jknappen/ec/ecbx1200.600pk> </Users/limeng/Library/t
exlive/2026basic/texmf-var/fonts/pk/ljfour/jknappen/ec/ecti1000.600pk> </Users/
limeng/Library/texlive/2026basic/texmf-var/fonts/pk/ljfour/jknappen/ec/ecti0700
.600pk> </Users/limeng/Library/texlive/2026basic/texmf-var/fonts/pk/ljfour/jkna
ppen/ec/ecrm0800.600pk> </Users/limeng/Library/texlive/2026basic/texmf-var/font
s/pk/ljfour/jknappen/ec/ecrm1200.600pk> </Users/limeng/Library/texlive/2026basi
c/texmf-var/fonts/pk/ljfour/jknappen/ec/ecrm1728.600pk></usr/local/texlive/2026
basic/texmf-dist/fonts/type1/public/amsfonts/cm/cmmi12.pfb></usr/local/texlive/
2026basic/texmf-dist/fonts/type1/public/amsfonts/cm/cmmi6.pfb></usr/local/texli
ve/2026basic/texmf-dist/fonts/type1/public/amsfonts/cm/cmmi8.pfb></usr/local/te
xlive/2026basic/texmf-dist/fonts/type1/public/amsfonts/cm/cmr12.pfb></usr/local
/texlive/2026basic/texmf-dist/fonts/type1/public/amsfonts/cm/cmr8.pfb></usr/loc
al/texlive/2026basic/texmf-dist/fonts/type1/public/amsfonts/cm/cmss12.pfb></usr
/local/texlive/2026basic/texmf-dist/fonts/type1/public/amsfonts/cm/cmsy10.pfb><
/usr/local/texlive/2026basic/texmf-dist/fonts/type1/public/amsfonts/cm/cmsy7.pf
b></usr/local/texlive/2026basic/texmf-dist/fonts/type1/public/amsfonts/cm/cmsy8
.pfb></usr/local/texlive/2026basic/texmf-dist/fonts/type1/public/amsfonts/symbo
ls/msbm10.pfb>
Output written on main.pdf (36 pages, 436920 bytes).
Transcript written on main.log.



$ pdflatex -interaction=nonstopmode main.tex
This is pdfTeX, Version 3.141592653-2.6-1.40.29 (TeX Live 2026) (preloaded format=pdflatex)
 restricted \write18 enabled.
entering extended mode
(./main.tex
LaTeX2e <2025-11-01>
L3 programming layer <2026-01-19>
(./elsarticle.cls
Document Class: elsarticle 2026/01/09, 3.5: Elsevier Ltd
(/usr/local/texlive/2026basic/texmf-dist/tex/latex/base/fontenc.sty)
(/usr/local/texlive/2026basic/texmf-dist/tex/latex/l3kernel/expl3.sty
(/usr/local/texlive/2026basic/texmf-dist/tex/latex/l3backend/l3backend-pdftex.d
ef))
(/usr/local/texlive/2026basic/texmf-dist/tex/latex/l3packages/xparse/xparse.sty
) (/Users/limeng/Library/texmf/tex/latex/etoolbox/etoolbox.sty)
(/usr/local/texlive/2026basic/texmf-dist/tex/latex/base/article.cls
Document Class: article 2025/01/22 v1.4n Standard LaTeX document class
(/usr/local/texlive/2026basic/texmf-dist/tex/latex/base/size12.clo))
(/usr/local/texlive/2026basic/texmf-dist/tex/latex/graphics/graphicx.sty
(/usr/local/texlive/2026basic/texmf-dist/tex/latex/graphics/keyval.sty)
(/usr/local/texlive/2026basic/texmf-dist/tex/latex/graphics/graphics.sty
(/usr/local/texlive/2026basic/texmf-dist/tex/latex/graphics/trig.sty)
(/usr/local/texlive/2026basic/texmf-dist/tex/latex/graphics-cfg/graphics.cfg)
(/usr/local/texlive/2026basic/texmf-dist/tex/latex/graphics-def/pdftex.def)))
(./main.spl)
(/usr/local/texlive/2026basic/texmf-dist/tex/latex/natbib/natbib.sty))
(/usr/local/texlive/2026basic/texmf-dist/tex/latex/amsfonts/amssymb.sty
(/usr/local/texlive/2026basic/texmf-dist/tex/latex/amsfonts/amsfonts.sty))
(/usr/local/texlive/2026basic/texmf-dist/tex/latex/amsmath/amsmath.sty
For additional information on amsmath, use the `?' option.
(/usr/local/texlive/2026basic/texmf-dist/tex/latex/amsmath/amstext.sty
(/usr/local/texlive/2026basic/texmf-dist/tex/latex/amsmath/amsgen.sty))
(/usr/local/texlive/2026basic/texmf-dist/tex/latex/amsmath/amsbsy.sty)
(/usr/local/texlive/2026basic/texmf-dist/tex/latex/amsmath/amsopn.sty))
(/Users/limeng/Library/texmf/tex/latex/booktabs/booktabs.sty)
(/usr/local/texlive/2026basic/texmf-dist/tex/latex/tools/array.sty)
(/usr/local/texlive/2026basic/texmf-dist/tex/latex/tools/longtable.sty)
(/usr/local/texlive/2026basic/texmf-dist/tex/latex/tools/tabularx.sty)
(/Users/limeng/Library/texmf/tex/latex/xltabular/xltabular.sty
(/Users/limeng/Library/texmf/tex/latex/ltablex/ltablex.sty))
(/Users/limeng/Library/texmf/tex/latex/makecell/makecell.sty)
(/Users/limeng/Library/texmf/tex/latex/enumitem/enumitem.sty)
(/Users/limeng/Library/texmf/tex/latex/microtype/microtype.sty
(/Users/limeng/Library/texmf/tex/latex/microtype/microtype-pdftex.def)
(/Users/limeng/Library/texmf/tex/latex/microtype/microtype.cfg))
(/Users/limeng/Library/texmf/tex/latex/xurl/xurl.sty
(/usr/local/texlive/2026basic/texmf-dist/tex/latex/url/url.sty))
(/Users/limeng/Library/texmf/tex/latex/float/float.sty) (./main.aux)
(/usr/local/texlive/2026basic/texmf-dist/tex/context/base/mkii/supp-pdf.mkii
[Loading MPS to PDF converter (version 2006.09.02).]
)
(/usr/local/texlive/2026basic/texmf-dist/tex/latex/epstopdf-pkg/epstopdf-base.s
ty (/Users/limeng/Library/texmf/tex/latex/latexconfig/epstopdf-sys.cfg))
(/Users/limeng/Library/texmf/tex/latex/microtype/mt-cmr.cfg)
(/usr/local/texlive/2026basic/texmf-dist/tex/latex/amsfonts/umsa.fd)
(/Users/limeng/Library/texmf/tex/latex/microtype/mt-msa.cfg)
(/usr/local/texlive/2026basic/texmf-dist/tex/latex/amsfonts/umsb.fd)
(/Users/limeng/Library/texmf/tex/latex/microtype/mt-msb.cfg) [1{/Users/limeng/L
ibrary/texlive/2026basic/texmf-var/fonts/map/pdftex/updmap/pdftex.map}]
[2] [3] [4] [5]
Underfull \hbox (badness 1107) in paragraph at lines 166--167
\T1/cmr/m/n/12 it takes the need for cal-i-brated tol-er-ances; from violation-
attribution
[6] [7] [8] [9] [10 <./fig_1_validity_gated_workflow.pdf>] [11] [12] [13]
[14 <./fig_3_verdict_2d.pdf>] [15]
Underfull \hbox (badness 1205) in paragraph at lines 323--324
\T1/cmr/m/n/12 accuracy di-ag-nos-tics, and ex-ter-nal wit-ness re-runs from th
e read-only
[16]
Underfull \hbox (badness 1320) in paragraph at lines 335--336
\T1/cmr/m/n/12 invariance ($\OT1/cmss/m/n/12 f[]$\T1/cmr/m/n/12 ) and the conve
rgence/accuracy-order pair ($\OT1/cmss/m/n/12 f[]$\T1/cmr/m/n/12 ,
[17]
Underfull \hbox (badness 1264) in paragraph at lines 351--352
[]\T1/cmr/m/n/12 The com-pact claim-to-evidence map binds ev-ery re-ported clai
m to

Underfull \hbox (badness 1565) in paragraph at lines 351--352
\T1/cmr/m/n/12 i-dence ap-pendix, and the au-thor-i-ta-tive run-time map-ping r
e-mains in
[18] [19] [20]
Underfull \hbox (badness 1014) in paragraph at lines 391--392
[]\T1/cmr/bx/n/12 Seeded-fault de-tec-tion. \T1/cmr/m/n/12 We re-implemented, f
rom the read-only

Underfull \hbox (badness 2189) in paragraph at lines 391--392
\T1/cmr/m/n/12 normalization-scale, temporal-rollout, physical-channel), and us
ed the
[21] [22] [23]
Underfull \hbox (badness 2318) in paragraph at lines 433--434
\T1/cmtt/m/n/12 NS_double_scale\T1/cmr/m/n/12 , where NS de-notes the normaliza
tion-scale mu-tant
[24] [25 <./fig_4_operator_floor_loglog.pdf>] [26]
Underfull \hbox (badness 3302) in paragraph at lines 473--474
\T1/cmr/m/n/12 external-dataset or geometry-independent pass/fail rates, Aero-G
raph-
[27]
Underfull \hbox (badness 1603) in paragraph at lines 482--483
\T1/cmr/m/n/12 and re-port against the Em-pir-i-cal Stan-dards for soft-ware en
-gi-neer-ing

Underfull \hbox (badness 1308) in paragraph at lines 486--487
\T1/cmr/m/n/12 re-mains a non-regression guard rather than an ab-so-lute con-se
r-va-tion
[28] [29]
Underfull \hbox (badness 3471) in paragraph at lines 501--502
\T1/cmr/m/n/12 bound-ary treat-ments, flux-form op-er-a-tors, dis-con-tin-u-ous
 fields, and
[30] [31] [32] (./main.bbl [33] [34] [35]) [36] (./main.aux) )
(see the transcript file for additional information) </Users/limeng/Library/tex
live/2026basic/texmf-var/fonts/pk/ljfour/jknappen/ec/ectt1200.600pk> </Users/li
meng/Library/texlive/2026basic/texmf-var/fonts/pk/ljfour/jknappen/ec/ectt0800.6
00pk> </Users/limeng/Library/texlive/2026basic/texmf-var/fonts/pk/ljfour/jknapp
en/ec/ecbx0800.600pk> </Users/limeng/Library/texlive/2026basic/texmf-var/fonts/
pk/ljfour/jknappen/ec/ecbx1000.600pk> </Users/limeng/Library/texlive/2026basic/
texmf-var/fonts/pk/ljfour/jknappen/ec/eccc1200.600pk> </Users/limeng/Library/te
xlive/2026basic/texmf-var/fonts/pk/ljfour/jknappen/ec/tcrm1200.600pk> </Users/l
imeng/Library/texlive/2026basic/texmf-var/fonts/pk/ljfour/jknappen/ec/ecti1200.
600pk> </Users/limeng/Library/texlive/2026basic/texmf-var/fonts/pk/ljfour/jknap
pen/ec/ectt1000.600pk> </Users/limeng/Library/texlive/2026basic/texmf-var/fonts
/pk/ljfour/jknappen/ec/ecrm1000.600pk> </Users/limeng/Library/texlive/2026basic
/texmf-var/fonts/pk/ljfour/jknappen/ec/ecbx1200.600pk> </Users/limeng/Library/t
exlive/2026basic/texmf-var/fonts/pk/ljfour/jknappen/ec/ecti1000.600pk> </Users/
limeng/Library/texlive/2026basic/texmf-var/fonts/pk/ljfour/jknappen/ec/ecti0700
.600pk> </Users/limeng/Library/texlive/2026basic/texmf-var/fonts/pk/ljfour/jkna
ppen/ec/ecrm0800.600pk> </Users/limeng/Library/texlive/2026basic/texmf-var/font
s/pk/ljfour/jknappen/ec/ecrm1200.600pk> </Users/limeng/Library/texlive/2026basi
c/texmf-var/fonts/pk/ljfour/jknappen/ec/ecrm1728.600pk></usr/local/texlive/2026
basic/texmf-dist/fonts/type1/public/amsfonts/cm/cmmi12.pfb></usr/local/texlive/
2026basic/texmf-dist/fonts/type1/public/amsfonts/cm/cmmi6.pfb></usr/local/texli
ve/2026basic/texmf-dist/fonts/type1/public/amsfonts/cm/cmmi8.pfb></usr/local/te
xlive/2026basic/texmf-dist/fonts/type1/public/amsfonts/cm/cmr12.pfb></usr/local
/texlive/2026basic/texmf-dist/fonts/type1/public/amsfonts/cm/cmr8.pfb></usr/loc
al/texlive/2026basic/texmf-dist/fonts/type1/public/amsfonts/cm/cmss12.pfb></usr
/local/texlive/2026basic/texmf-dist/fonts/type1/public/amsfonts/cm/cmsy10.pfb><
/usr/local/texlive/2026basic/texmf-dist/fonts/type1/public/amsfonts/cm/cmsy7.pf
b></usr/local/texlive/2026basic/texmf-dist/fonts/type1/public/amsfonts/cm/cmsy8
.pfb></usr/local/texlive/2026basic/texmf-dist/fonts/type1/public/amsfonts/symbo
ls/msbm10.pfb>
Output written on main.pdf (36 pages, 436920 bytes).
Transcript written on main.log.



$ pdflatex -interaction=nonstopmode supplementary.tex
This is pdfTeX, Version 3.141592653-2.6-1.40.29 (TeX Live 2026) (preloaded format=pdflatex)
 restricted \write18 enabled.
entering extended mode
(./supplementary.tex
LaTeX2e <2025-11-01>
L3 programming layer <2026-01-19>
(./elsarticle.cls
Document Class: elsarticle 2026/01/09, 3.5: Elsevier Ltd
(/usr/local/texlive/2026basic/texmf-dist/tex/latex/base/fontenc.sty)
(/usr/local/texlive/2026basic/texmf-dist/tex/latex/l3kernel/expl3.sty
(/usr/local/texlive/2026basic/texmf-dist/tex/latex/l3backend/l3backend-pdftex.d
ef))
(/usr/local/texlive/2026basic/texmf-dist/tex/latex/l3packages/xparse/xparse.sty
) (/Users/limeng/Library/texmf/tex/latex/etoolbox/etoolbox.sty)
(/usr/local/texlive/2026basic/texmf-dist/tex/latex/base/article.cls
Document Class: article 2025/01/22 v1.4n Standard LaTeX document class
(/usr/local/texlive/2026basic/texmf-dist/tex/latex/base/size12.clo))
(/usr/local/texlive/2026basic/texmf-dist/tex/latex/graphics/graphicx.sty
(/usr/local/texlive/2026basic/texmf-dist/tex/latex/graphics/keyval.sty)
(/usr/local/texlive/2026basic/texmf-dist/tex/latex/graphics/graphics.sty
(/usr/local/texlive/2026basic/texmf-dist/tex/latex/graphics/trig.sty)
(/usr/local/texlive/2026basic/texmf-dist/tex/latex/graphics-cfg/graphics.cfg)
(/usr/local/texlive/2026basic/texmf-dist/tex/latex/graphics-def/pdftex.def)))
(/usr/local/texlive/2026basic/texmf-dist/tex/latex/natbib/natbib.sty))
(/usr/local/texlive/2026basic/texmf-dist/tex/latex/amsmath/amsmath.sty
For additional information on amsmath, use the `?' option.
(/usr/local/texlive/2026basic/texmf-dist/tex/latex/amsmath/amstext.sty
(/usr/local/texlive/2026basic/texmf-dist/tex/latex/amsmath/amsgen.sty))
(/usr/local/texlive/2026basic/texmf-dist/tex/latex/amsmath/amsbsy.sty)
(/usr/local/texlive/2026basic/texmf-dist/tex/latex/amsmath/amsopn.sty))
(/usr/local/texlive/2026basic/texmf-dist/tex/latex/amsfonts/amssymb.sty
(/usr/local/texlive/2026basic/texmf-dist/tex/latex/amsfonts/amsfonts.sty))
(/Users/limeng/Library/texmf/tex/latex/booktabs/booktabs.sty)
(/usr/local/texlive/2026basic/texmf-dist/tex/latex/tools/array.sty)
(/usr/local/texlive/2026basic/texmf-dist/tex/latex/tools/longtable.sty)
(/usr/local/texlive/2026basic/texmf-dist/tex/latex/tools/tabularx.sty)
(/Users/limeng/Library/texmf/tex/latex/xltabular/xltabular.sty
(/Users/limeng/Library/texmf/tex/latex/ltablex/ltablex.sty))
(/Users/limeng/Library/texmf/tex/latex/makecell/makecell.sty)
(/Users/limeng/Library/texmf/tex/latex/enumitem/enumitem.sty)
(/Users/limeng/Library/texmf/tex/latex/microtype/microtype.sty
(/Users/limeng/Library/texmf/tex/latex/microtype/microtype-pdftex.def)
(/Users/limeng/Library/texmf/tex/latex/microtype/microtype.cfg))
(/Users/limeng/Library/texmf/tex/latex/xurl/xurl.sty
(/usr/local/texlive/2026basic/texmf-dist/tex/latex/url/url.sty))
(/Users/limeng/Library/texmf/tex/latex/float/float.sty)
No file supplementary.aux.
(/usr/local/texlive/2026basic/texmf-dist/tex/context/base/mkii/supp-pdf.mkii
[Loading MPS to PDF converter (version 2006.09.02).]
)
(/usr/local/texlive/2026basic/texmf-dist/tex/latex/epstopdf-pkg/epstopdf-base.s
ty (/Users/limeng/Library/texmf/tex/latex/latexconfig/epstopdf-sys.cfg))
(/Users/limeng/Library/texmf/tex/latex/microtype/mt-cmr.cfg)
(/usr/local/texlive/2026basic/texmf-dist/tex/latex/amsfonts/umsa.fd)
(/Users/limeng/Library/texmf/tex/latex/microtype/mt-msa.cfg)
(/usr/local/texlive/2026basic/texmf-dist/tex/latex/amsfonts/umsb.fd)
(/Users/limeng/Library/texmf/tex/latex/microtype/mt-msb.cfg)
Underfull \hbox (badness 1377) in paragraph at lines 28--47
\T1/cmr/m/n/12 Fourier neu-ral op-er-a-tor, FNO-2D means two-dimensional FNO, P
DE

LaTeX Warning: Reference `tab:claim-evidence' on page 1 undefined on input line
 48.

 [1{/Users/limeng/Library/texlive/2026basic/texmf-var/fonts/map/pdftex/updmap/p
dftex.map}] [2] [3] [4]

LaTeX Warning: Reference `tab:closest-prior-positioning-supp' on page 5 undefin
ed on input line 100.

[5]

LaTeX Warning: Reference `tab:rqmap' on page 6 undefined on input line 122.

[6]

LaTeX Warning: Reference `tab:effective-n-supp' on page 7 undefined on input li
ne 145.

[7]

LaTeX Warning: Reference `tab:primary-result-summary-supp' on page 8 undefined 
on input line 171.

[8]

LaTeX Warning: Reference `tab:interpretation-boundary-supp' on page 9 undefined
 on input line 194.

[9] [10] [11] [12]
Underfull \hbox (badness 2856) in paragraph at lines 294--303
\T1/cmr/m/n/12 se-man-tic com-po-nents: Deep-XDE cov-ers pe-ri-odic boundary-co
ndition

Underfull \hbox (badness 3068) in paragraph at lines 294--303
\T1/cmr/m/n/12 numerical-decidability se-man-tics; Neu-ral-Op-er-a-tor Spec-tra
l-Conv cov-ers

Underfull \hbox (badness 1189) in paragraph at lines 294--303
\T1/cmr/m/n/12 ad-vec-tion flux boundary-condition in-fer-ence se-man-tics. Thi
s breadth
[13]

LaTeX Warning: Reference `tab:external-defect-corpus' on page 14 undefined on i
nput line 319.

[14] (./supplementary.aux)

LaTeX Warning: There were undefined references.


LaTeX Warning: Label(s) may have changed. Rerun to get cross-references right.

 )
(see the transcript file for additional information) </Users/limeng/Library/tex
live/2026basic/texmf-var/fonts/pk/ljfour/jknappen/ec/ecbx1000.600pk> </Users/li
meng/Library/texlive/2026basic/texmf-var/fonts/pk/ljfour/jknappen/ec/ecrm1000.6
00pk> </Users/limeng/Library/texlive/2026basic/texmf-var/fonts/pk/ljfour/jknapp
en/ec/ectt0800.600pk> </Users/limeng/Library/texlive/2026basic/texmf-var/fonts/
pk/ljfour/jknappen/ec/ecbx0800.600pk> </Users/limeng/Library/texlive/2026basic/
texmf-var/fonts/pk/ljfour/jknappen/ec/ecrm0800.600pk> </Users/limeng/Library/te
xlive/2026basic/texmf-var/fonts/pk/ljfour/jknappen/ec/ectt1200.600pk> </Users/l
imeng/Library/texlive/2026basic/texmf-var/fonts/pk/ljfour/jknappen/ec/ecrm1200.
600pk> </Users/limeng/Library/texlive/2026basic/texmf-var/fonts/pk/ljfour/jknap
pen/ec/ecti1200.600pk> </Users/limeng/Library/texlive/2026basic/texmf-var/fonts
/pk/ljfour/jknappen/ec/ecbx1200.600pk></usr/local/texlive/2026basic/texmf-dist/
fonts/type1/public/amsfonts/cm/cmmi12.pfb></usr/local/texlive/2026basic/texmf-d
ist/fonts/type1/public/amsfonts/cm/cmmi8.pfb></usr/local/texlive/2026basic/texm
f-dist/fonts/type1/public/amsfonts/cm/cmr12.pfb></usr/local/texlive/2026basic/t
exmf-dist/fonts/type1/public/amsfonts/cm/cmr6.pfb></usr/local/texlive/2026basic
/texmf-dist/fonts/type1/public/amsfonts/cm/cmr8.pfb></usr/local/texlive/2026bas
ic/texmf-dist/fonts/type1/public/amsfonts/cm/cmsy10.pfb></usr/local/texlive/202
6basic/texmf-dist/fonts/type1/public/amsfonts/cm/cmsy8.pfb>
Output written on supplementary.pdf (14 pages, 210037 bytes).
Transcript written on supplementary.log.



$ pdflatex -interaction=nonstopmode supplementary.tex
This is pdfTeX, Version 3.141592653-2.6-1.40.29 (TeX Live 2026) (preloaded format=pdflatex)
 restricted \write18 enabled.
entering extended mode
(./supplementary.tex
LaTeX2e <2025-11-01>
L3 programming layer <2026-01-19>
(./elsarticle.cls
Document Class: elsarticle 2026/01/09, 3.5: Elsevier Ltd
(/usr/local/texlive/2026basic/texmf-dist/tex/latex/base/fontenc.sty)
(/usr/local/texlive/2026basic/texmf-dist/tex/latex/l3kernel/expl3.sty
(/usr/local/texlive/2026basic/texmf-dist/tex/latex/l3backend/l3backend-pdftex.d
ef))
(/usr/local/texlive/2026basic/texmf-dist/tex/latex/l3packages/xparse/xparse.sty
) (/Users/limeng/Library/texmf/tex/latex/etoolbox/etoolbox.sty)
(/usr/local/texlive/2026basic/texmf-dist/tex/latex/base/article.cls
Document Class: article 2025/01/22 v1.4n Standard LaTeX document class
(/usr/local/texlive/2026basic/texmf-dist/tex/latex/base/size12.clo))
(/usr/local/texlive/2026basic/texmf-dist/tex/latex/graphics/graphicx.sty
(/usr/local/texlive/2026basic/texmf-dist/tex/latex/graphics/keyval.sty)
(/usr/local/texlive/2026basic/texmf-dist/tex/latex/graphics/graphics.sty
(/usr/local/texlive/2026basic/texmf-dist/tex/latex/graphics/trig.sty)
(/usr/local/texlive/2026basic/texmf-dist/tex/latex/graphics-cfg/graphics.cfg)
(/usr/local/texlive/2026basic/texmf-dist/tex/latex/graphics-def/pdftex.def)))
(./supplementary.spl)
(/usr/local/texlive/2026basic/texmf-dist/tex/latex/natbib/natbib.sty))
(/usr/local/texlive/2026basic/texmf-dist/tex/latex/amsmath/amsmath.sty
For additional information on amsmath, use the `?' option.
(/usr/local/texlive/2026basic/texmf-dist/tex/latex/amsmath/amstext.sty
(/usr/local/texlive/2026basic/texmf-dist/tex/latex/amsmath/amsgen.sty))
(/usr/local/texlive/2026basic/texmf-dist/tex/latex/amsmath/amsbsy.sty)
(/usr/local/texlive/2026basic/texmf-dist/tex/latex/amsmath/amsopn.sty))
(/usr/local/texlive/2026basic/texmf-dist/tex/latex/amsfonts/amssymb.sty
(/usr/local/texlive/2026basic/texmf-dist/tex/latex/amsfonts/amsfonts.sty))
(/Users/limeng/Library/texmf/tex/latex/booktabs/booktabs.sty)
(/usr/local/texlive/2026basic/texmf-dist/tex/latex/tools/array.sty)
(/usr/local/texlive/2026basic/texmf-dist/tex/latex/tools/longtable.sty)
(/usr/local/texlive/2026basic/texmf-dist/tex/latex/tools/tabularx.sty)
(/Users/limeng/Library/texmf/tex/latex/xltabular/xltabular.sty
(/Users/limeng/Library/texmf/tex/latex/ltablex/ltablex.sty))
(/Users/limeng/Library/texmf/tex/latex/makecell/makecell.sty)
(/Users/limeng/Library/texmf/tex/latex/enumitem/enumitem.sty)
(/Users/limeng/Library/texmf/tex/latex/microtype/microtype.sty
(/Users/limeng/Library/texmf/tex/latex/microtype/microtype-pdftex.def)
(/Users/limeng/Library/texmf/tex/latex/microtype/microtype.cfg))
(/Users/limeng/Library/texmf/tex/latex/xurl/xurl.sty
(/usr/local/texlive/2026basic/texmf-dist/tex/latex/url/url.sty))
(/Users/limeng/Library/texmf/tex/latex/float/float.sty) (./supplementary.aux)
(/usr/local/texlive/2026basic/texmf-dist/tex/context/base/mkii/supp-pdf.mkii
[Loading MPS to PDF converter (version 2006.09.02).]
)
(/usr/local/texlive/2026basic/texmf-dist/tex/latex/epstopdf-pkg/epstopdf-base.s
ty (/Users/limeng/Library/texmf/tex/latex/latexconfig/epstopdf-sys.cfg))
(/Users/limeng/Library/texmf/tex/latex/microtype/mt-cmr.cfg)
(/usr/local/texlive/2026basic/texmf-dist/tex/latex/amsfonts/umsa.fd)
(/Users/limeng/Library/texmf/tex/latex/microtype/mt-msa.cfg)
(/usr/local/texlive/2026basic/texmf-dist/tex/latex/amsfonts/umsb.fd)
(/Users/limeng/Library/texmf/tex/latex/microtype/mt-msb.cfg)
Underfull \hbox (badness 1377) in paragraph at lines 28--47
\T1/cmr/m/n/12 Fourier neu-ral op-er-a-tor, FNO-2D means two-dimensional FNO, P
DE
 [1{/Users/limeng/Library/texlive/2026basic/texmf-var/fonts/map/pdftex/updmap/p
dftex.map}] [2] [3] [4] [5] [6] [7] [8] [9] [10] [11] [12]
Underfull \hbox (badness 2856) in paragraph at lines 294--303
\T1/cmr/m/n/12 se-man-tic com-po-nents: Deep-XDE cov-ers pe-ri-odic boundary-co
ndition

Underfull \hbox (badness 3068) in paragraph at lines 294--303
\T1/cmr/m/n/12 numerical-decidability se-man-tics; Neu-ral-Op-er-a-tor Spec-tra
l-Conv cov-ers

Underfull \hbox (badness 1189) in paragraph at lines 294--303
\T1/cmr/m/n/12 ad-vec-tion flux boundary-condition in-fer-ence se-man-tics. Thi
s breadth
[13] [14] (./supplementary.aux) )
(see the transcript file for additional information) </Users/limeng/Library/tex
live/2026basic/texmf-var/fonts/pk/ljfour/jknappen/ec/ecbx1000.600pk> </Users/li
meng/Library/texlive/2026basic/texmf-var/fonts/pk/ljfour/jknappen/ec/ecrm1000.6
00pk> </Users/limeng/Library/texlive/2026basic/texmf-var/fonts/pk/ljfour/jknapp
en/ec/ectt0800.600pk> </Users/limeng/Library/texlive/2026basic/texmf-var/fonts/
pk/ljfour/jknappen/ec/ecbx0800.600pk> </Users/limeng/Library/texlive/2026basic/
texmf-var/fonts/pk/ljfour/jknappen/ec/ecrm0800.600pk> </Users/limeng/Library/te
xlive/2026basic/texmf-var/fonts/pk/ljfour/jknappen/ec/ectt1200.600pk> </Users/l
imeng/Library/texlive/2026basic/texmf-var/fonts/pk/ljfour/jknappen/ec/ecrm1200.
600pk> </Users/limeng/Library/texlive/2026basic/texmf-var/fonts/pk/ljfour/jknap
pen/ec/ecti1200.600pk> </Users/limeng/Library/texlive/2026basic/texmf-var/fonts
/pk/ljfour/jknappen/ec/ecbx1200.600pk></usr/local/texlive/2026basic/texmf-dist/
fonts/type1/public/amsfonts/cm/cmmi12.pfb></usr/local/texlive/2026basic/texmf-d
ist/fonts/type1/public/amsfonts/cm/cmmi8.pfb></usr/local/texlive/2026basic/texm
f-dist/fonts/type1/public/amsfonts/cm/cmr12.pfb></usr/local/texlive/2026basic/t
exmf-dist/fonts/type1/public/amsfonts/cm/cmr6.pfb></usr/local/texlive/2026basic
/texmf-dist/fonts/type1/public/amsfonts/cm/cmr8.pfb></usr/local/texlive/2026bas
ic/texmf-dist/fonts/type1/public/amsfonts/cm/cmsy10.pfb></usr/local/texlive/202
6basic/texmf-dist/fonts/type1/public/amsfonts/cm/cmsy8.pfb>
Output written on supplementary.pdf (14 pages, 209602 bytes).
Transcript written on supplementary.log.



$ /opt/anaconda3/bin/python /Users/limeng/Papers/P9-SciML-OOD/tools/precheck_jss.py main.tex
Warnings:
  - no highlights environment in main.tex; ensure separate editable highlights file exists
JSS precheck passed

